Component: ARM Compiler 5.06 update 6 (build 750) Tool: armlink [4d35ed]

==============================================================================

Section Cross References

    startup_stm32f103xb.o(RESET) refers to startup_stm32f103xb.o(STACK) for __initial_sp
    startup_stm32f103xb.o(RESET) refers to startup_stm32f103xb.o(.text) for Reset_Handler
    startup_stm32f103xb.o(RESET) refers to stm32f1xx_it.o(i.NMI_Handler) for NMI_Handler
    startup_stm32f103xb.o(RESET) refers to stm32f1xx_it.o(i.HardFault_Handler) for HardFault_Handler
    startup_stm32f103xb.o(RESET) refers to stm32f1xx_it.o(i.MemManage_Handler) for MemManage_Handler
    startup_stm32f103xb.o(RESET) refers to stm32f1xx_it.o(i.BusFault_Handler) for BusFault_Handler
    startup_stm32f103xb.o(RESET) refers to stm32f1xx_it.o(i.UsageFault_Handler) for UsageFault_Handler
    startup_stm32f103xb.o(RESET) refers to stm32f1xx_it.o(i.SVC_Handler) for SVC_Handler
    startup_stm32f103xb.o(RESET) refers to stm32f1xx_it.o(i.DebugMon_Handler) for DebugMon_Handler
    startup_stm32f103xb.o(RESET) refers to stm32f1xx_it.o(i.PendSV_Handler) for PendSV_Handler
    startup_stm32f103xb.o(RESET) refers to stm32f1xx_it.o(i.SysTick_Handler) for SysTick_Handler
    startup_stm32f103xb.o(RESET) refers to stm32f1xx_it.o(i.USB_LP_CAN1_RX0_IRQHandler) for USB_LP_CAN1_RX0_IRQHandler
    startup_stm32f103xb.o(.text) refers to system_stm32f1xx.o(i.SystemInit) for SystemInit
    startup_stm32f103xb.o(.text) refers to entry.o(.ARM.Collect$$$$00000000) for __main
    main.o(i.MX_GPIO_Init) refers to stm32f1xx_hal_gpio.o(i.HAL_GPIO_WritePin) for HAL_GPIO_WritePin
    main.o(i.MX_GPIO_Init) refers to stm32f1xx_hal_gpio.o(i.HAL_GPIO_Init) for HAL_GPIO_Init
    main.o(i.MX_SPI1_Init) refers to stm32f1xx_hal_spi.o(i.HAL_SPI_Init) for HAL_SPI_Init
    main.o(i.MX_SPI1_Init) refers to main.o(i.Error_Handler) for Error_Handler
    main.o(i.MX_SPI1_Init) refers to main.o(.bss) for hspi1
    main.o(i.MX_USART1_UART_Init) refers to stm32f1xx_hal_uart.o(i.HAL_UART_Init) for HAL_UART_Init
    main.o(i.MX_USART1_UART_Init) refers to main.o(i.Error_Handler) for Error_Handler
    main.o(i.MX_USART1_UART_Init) refers to main.o(.bss) for huart1
    main.o(i.SystemClock_Config) refers to memseta.o(.text) for __aeabi_memclr4
    main.o(i.SystemClock_Config) refers to stm32f1xx_hal_rcc.o(i.HAL_RCC_OscConfig) for HAL_RCC_OscConfig
    main.o(i.SystemClock_Config) refers to main.o(i.Error_Handler) for Error_Handler
    main.o(i.SystemClock_Config) refers to stm32f1xx_hal_rcc.o(i.HAL_RCC_ClockConfig) for HAL_RCC_ClockConfig
    main.o(i.SystemClock_Config) refers to stm32f1xx_hal_rcc_ex.o(i.HAL_RCCEx_PeriphCLKConfig) for HAL_RCCEx_PeriphCLKConfig
    main.o(i.app_main) refers to dap.o(i.DAP_Setup) for DAP_Setup
    main.o(i.app_main) refers to device.o(i.USBD_Initialize) for USBD_Initialize
    main.o(i.app_main) refers to device.o(i.USBD_Connect) for USBD_Connect
    main.o(i.app_main) refers to device.o(i.USBD_Configured) for USBD_Configured
    main.o(i.app_main) refers to main.o(i.LED_CONNECTED_OUT) for LED_CONNECTED_OUT
    main.o(i.app_main) refers to stm32f1xx_hal.o(i.HAL_Delay) for HAL_Delay
    main.o(i.app_main) refers to device.o(i.osThreadNew) for osThreadNew
    main.o(i.app_main) refers to usbd_user_hid_0.o(i.DAP_Thread) for DAP_Thread
    main.o(i.app_main) refers to main.o(.data) for DAP_ThreadId
    main.o(i.main) refers to stm32f1xx_hal.o(i.HAL_Init) for HAL_Init
    main.o(i.main) refers to main.o(i.SystemClock_Config) for SystemClock_Config
    main.o(i.main) refers to main.o(i.MX_GPIO_Init) for MX_GPIO_Init
    main.o(i.main) refers to main.o(i.MX_SPI1_Init) for MX_SPI1_Init
    main.o(i.main) refers to main.o(i.MX_USART1_UART_Init) for MX_USART1_UART_Init
    main.o(i.main) refers to usb_device.o(i.MX_USB_DEVICE_Init) for MX_USB_DEVICE_Init
    main.o(i.main) refers to device.o(i.DEVICE_Init) for DEVICE_Init
    usb_device.o(i.MX_USB_DEVICE_Init) refers to usbd_core.o(i.USBD_Init) for USBD_Init
    usb_device.o(i.MX_USB_DEVICE_Init) refers to main.o(i.Error_Handler) for Error_Handler
    usb_device.o(i.MX_USB_DEVICE_Init) refers to usbd_core.o(i.USBD_RegisterClass) for USBD_RegisterClass
    usb_device.o(i.MX_USB_DEVICE_Init) refers to usbd_customhid.o(i.USBD_CUSTOM_HID_RegisterInterface) for USBD_CUSTOM_HID_RegisterInterface
    usb_device.o(i.MX_USB_DEVICE_Init) refers to usbd_core.o(i.USBD_Start) for USBD_Start
    usb_device.o(i.MX_USB_DEVICE_Init) refers to usbd_desc.o(.data) for FS_Desc
    usb_device.o(i.MX_USB_DEVICE_Init) refers to usb_device.o(.bss) for hUsbDeviceFS
    usb_device.o(i.MX_USB_DEVICE_Init) refers to usbd_customhid.o(.data) for USBD_CUSTOM_HID
    usb_device.o(i.MX_USB_DEVICE_Init) refers to usbd_custom_hid_if.o(.data) for USBD_CustomHID_fops_FS
    usbd_conf.o(i.HAL_PCD_ConnectCallback) refers to usbd_core.o(i.USBD_LL_DevConnected) for USBD_LL_DevConnected
[...]
    Removing dap.o(i.DAP_ResetTarget), (14 bytes).
    Removing dap.o(i.DAP_SWD_Configure), (40 bytes).
    Removing dap.o(i.DAP_SWD_Sequence), (236 bytes).
    Removing dap.o(i.DAP_SWD_Transfer), (1064 bytes).
    Removing dap.o(i.DAP_SWD_TransferBlock), (376 bytes).
    Removing dap.o(i.DAP_SWD_WriteAbort), (44 bytes).
    Removing dap.o(i.DAP_SWJ_Clock), (116 bytes).
    Removing dap.o(i.DAP_SWJ_Pins), (532 bytes).
    Removing dap.o(i.DAP_SWJ_Sequence), (40 bytes).
    Removing dap.o(i.DAP_Setup), (96 bytes).
    Removing dap.o(i.DAP_Transfer), (68 bytes).
    Removing dap.o(i.DAP_TransferBlock), (100 bytes).
    Removing dap.o(i.DAP_TransferConfigure), (48 bytes).
    Removing dap.o(i.DAP_WriteAbort), (64 bytes).
    Removing dap.o(i.Delayms), (24 bytes).
    Removing dap.o(i.PORT_JTAG_SETUP), (108 bytes).
    Removing dap.o(i.PORT_SWD_SETUP), (108 bytes).
    Removing dap.o(.bss), (68 bytes).
    Removing dap.o(.constdata), (6 bytes).
    Removing dap_vendor.o(.rev16_text), (4 bytes).
    Removing dap_vendor.o(.revsh_text), (4 bytes).
    Removing dap_vendor.o(.rrx_text), (6 bytes).
    Removing dap_vendor.o(i.DAP_ProcessVendorCommand), (128 bytes).
    Removing jtag_dp.o(.rev16_text), (4 bytes).
    Removing jtag_dp.o(.revsh_text), (4 bytes).
    Removing jtag_dp.o(.rrx_text), (6 bytes).
    Removing jtag_dp.o(i.JTAG_IR), (32 bytes).
    Removing jtag_dp.o(i.JTAG_IR_Fast), (628 bytes).
    Removing jtag_dp.o(i.JTAG_IR_Slow), (1032 bytes).
    Removing jtag_dp.o(i.JTAG_ReadIDCode), (604 bytes).
    Removing jtag_dp.o(i.JTAG_Sequence), (280 bytes).
    Removing jtag_dp.o(i.JTAG_Transfer), (36 bytes).
    Removing jtag_dp.o(i.JTAG_TransferFast), (1248 bytes).
    Removing jtag_dp.o(i.JTAG_TransferSlow), (2096 bytes).
    Removing jtag_dp.o(i.JTAG_WriteAbort), (1128 bytes).
    Removing sw_dp.o(.rev16_text), (4 bytes).
    Removing sw_dp.o(.revsh_text), (4 bytes).
    Removing sw_dp.o(.rrx_text), (6 bytes).
    Removing sw_dp.o(i.SWD_Sequence), (336 bytes).
    Removing sw_dp.o(i.SWD_Transfer), (36 bytes).
    Removing sw_dp.o(i.SWD_TransferFast), (1696 bytes).
    Removing sw_dp.o(i.SWD_TransferSlow), (3044 bytes).
    Removing sw_dp.o(i.SWJ_Sequence), (136 bytes).
    Removing swo.o(.rev16_text), (4 bytes).
    Removing swo.o(.revsh_text), (4 bytes).
    Removing swo.o(.rrx_text), (6 bytes).
    Removing device.o(.rev16_text), (4 bytes).
    Removing device.o(.revsh_text), (4 bytes).
    Removing device.o(.rrx_text), (6 bytes).
    Removing device.o(i.USBD_Configured), (24 bytes).
    Removing device.o(i.USBD_Connect), (2 bytes).
    Removing device.o(i.USBD_Initialize), (2 bytes).
    Removing device.o(i.osKernelInitialize), (12 bytes).
    Removing device.o(i.osThreadFlagsWait), (36 bytes).
    Removing device.o(i.osThreadNew), (16 bytes).
    Removing usbd_user_hid_0.o(.rev16_text), (4 bytes).
    Removing usbd_user_hid_0.o(.revsh_text), (4 bytes).
    Removing usbd_user_hid_0.o(.rrx_text), (6 bytes).
    Removing usbd_user_hid_0.o(i.DAP_Thread), (304 bytes).

457 unused section(s) (total 39632 bytes) removed from the image.

==============================================================================

Image Symbol Table

    Local Symbols

    Symbol Name                              Value     Ov Type        Size  Object(Section)

    ../Drivers/STM32F1xx_HAL_Driver/Src/stm32f1xx_hal.c 0x00000000   Number         0  stm32f1xx_hal.o ABSOLUTE
    ../Drivers/STM32F1xx_HAL_Driver/Src/stm32f1xx_hal_cortex.c 0x00000000   Number         0  stm32f1xx_hal_cortex.o ABSOLUTE
    ../Drivers/STM32F1xx_HAL_Driver/Src/stm32f1xx_hal_dma.c 0x00000000   Number         0  stm32f1xx_hal_dma.o ABSOLUTE
    ../Drivers/STM32F1xx_HAL_Driver/Src/stm32f1xx_hal_exti.c 0x00000000   Number         0  stm32f1xx_hal_exti.o ABSOLUTE
    ../Drivers/STM32F1xx_HAL_Driver/Src/stm32f1xx_hal_flash.c 0x00000000   Number         0  stm32f1xx_hal_flash.o ABSOLUTE
    ../Drivers/STM32F1xx_HAL_Driver/Src/stm32f1xx_hal_flash_ex.c 0x00000000   Number         0  stm32f1xx_hal_flash_ex.o ABSOLUTE
    ../Drivers/STM32F1xx_HAL_Driver/Src/stm32f1xx_hal_gpio.c 0x00000000   Number         0  stm32f1xx_hal_gpio.o ABSOLUTE
    ../Drivers/STM32F1xx_HAL_Driver/Src/stm32f1xx_hal_gpio_ex.c 0x00000000   Number         0  stm32f1xx_hal_gpio_ex.o ABSOLUTE
    ../Drivers/STM32F1xx_HAL_Driver/Src/stm32f1xx_hal_pcd.c 0x00000000   Number         0  stm32f1xx_hal_pcd.o ABSOLUTE
    ../Drivers/STM32F1xx_HAL_Driver/Src/stm32f1xx_hal_pcd_ex.c 0x00000000   Number         0  stm32f1xx_hal_pcd_ex.o ABSOLUTE
    ../Drivers/STM32F1xx_HAL_Driver/Src/stm32f1xx_hal_pwr.c 0x00000000   Number         0  stm32f1xx_hal_pwr.o ABSOLUTE
    ../Drivers/STM32F1xx_HAL_Driver/Src/stm32f1xx_hal_rcc.c 0x00000000   Number         0  stm32f1xx_hal_rcc.o ABSOLUTE
    ../Drivers/STM32F1xx_HAL_Driver/Src/stm32f1xx_hal_rcc_ex.c 0x00000000   Number         0  stm32f1xx_hal_rcc_ex.o ABSOLUTE
    ../Drivers/STM32F1xx_HAL_Driver/Src/stm32f1xx_hal_spi.c 0x00000000   Number         0  stm32f1xx_hal_spi.o ABSOLUTE
    ../Drivers/STM32F1xx_HAL_Driver/Src/stm32f1xx_hal_tim.c 0x00000000   Number         0  stm32f1xx_hal_tim.o ABSOLUTE
    ../Drivers/STM32F1xx_HAL_Driver/Src/stm32f1xx_hal_tim_ex.c 0x00000000   Number         0  stm32f1xx_hal_tim_ex.o ABSOLUTE
    ../Drivers/STM32F1xx_HAL_Driver/Src/stm32f1xx_hal_uart.c 0x00000000   Number         0  stm32f1xx_hal_uart.o ABSOLUTE
    ../Drivers/STM32F1xx_HAL_Driver/Src/stm32f1xx_ll_usb.c 0x00000000   Number         0  stm32f1xx_ll_usb.o ABSOLUTE
    ../Middlewares/ST/STM32_USB_Device_Library/Class/CustomHID/Src/usbd_customhid.c 0x00000000   Number         0  usbd_customhid.o ABSOLUTE
    ../Middlewares/ST/STM32_USB_Device_Library/Core/Src/usbd_core.c 0x00000000   Number         0  usbd_core.o ABSOLUTE
    ../Middlewares/ST/STM32_USB_Device_Library/Core/Src/usbd_ctlreq.c 0x00000000   Number         0  usbd_ctlreq.o ABSOLUTE
    ../Middlewares/ST/STM32_USB_Device_Library/Core/Src/usbd_ioreq.c 0x00000000   Number         0  usbd_ioreq.o ABSOLUTE
    ../Src/main.c                            0x00000000   Number         0  main.o ABSOLUTE
    ../Src/stm32f1xx_hal_msp.c               0x00000000   Number         0  stm32f1xx_hal_msp.o ABSOLUTE
    ../Src/stm32f1xx_it.c                    0x00000000   Number         0  stm32f1xx_it.o ABSOLUTE
    ../Src/system_stm32f1xx.c                0x00000000   Number         0  system_stm32f1xx.o ABSOLUTE
    ../Src/usb_device.c                      0x00000000   Number         0  usb_device.o ABSOLUTE
    ../Src/usbd_conf.c                       0x00000000   Number         0  usbd_conf.o ABSOLUTE
    ../Src/usbd_custom_hid_if.c              0x00000000   Number         0  usbd_custom_hid_if.o ABSOLUTE
    ../Src/usbd_desc.c                       0x00000000   Number         0  usbd_desc.o ABSOLUTE
    ../clib/../cmprslib/zerorunl2.c          0x00000000   Number         0  __dczerorl2.o ABSOLUTE
    ../clib/microlib/init/entry.s            0x00000000   Number         0  entry9a.o ABSOLUTE
    ../clib/microlib/init/entry.s            0x00000000   Number         0  entry9b.o ABSOLUTE
    ../clib/microlib/init/entry.s            0x00000000   Number         0  entry.o ABSOLUTE
    ../clib/microlib/init/entry.s            0x00000000   Number         0  entry10a.o ABSOLUTE
    ../clib/microlib/init/entry.s            0x00000000   Number         0  entry10b.o ABSOLUTE
    ../clib/microlib/init/entry.s            0x00000000   Number         0  entry7a.o ABSOLUTE
    ../clib/microlib/init/entry.s            0x00000000   Number         0  entry11a.o ABSOLUTE
    ../clib/microlib/init/entry.s            0x00000000   Number         0  entry5.o ABSOLUTE
    ../clib/microlib/init/entry.s            0x00000000   Number         0  entry11b.o ABSOLUTE
    ../clib/microlib/init/entry.s            0x00000000   Number         0  entry8a.o ABSOLUTE
    ../clib/microlib/init/entry.s            0x00000000   Number         0  entry7b.o ABSOLUTE
    ../clib/microlib/init/entry.s            0x00000000   Number         0  entry2.o ABSOLUTE
    ../clib/microlib/init/entry.s            0x00000000   Number         0  entry8b.o ABSOLUTE
    ../clib/microlib/longlong.c              0x00000000   Number         0  llushr.o ABSOLUTE
    ../clib/microlib/string/memcpy.c         0x00000000   Number         0  memcpyb.o ABSOLUTE
    ../clib/microlib/string/memcpy.c         0x00000000   Number         0  memcpya.o ABSOLUTE
    ../clib/microlib/string/memset.c         0x00000000   Number         0  memseta.o ABSOLUTE
    ..\DAP\DAP.c                             0x00000000   Number         0  dap.o ABSOLUTE
    ..\DAP\DAP_vendor.c                      0x00000000   Number         0  dap_vendor.o ABSOLUTE
    ..\DAP\JTAG_DP.c                         0x00000000   Number         0  jtag_dp.o ABSOLUTE
    ..\DAP\SWO.c                             0x00000000   Number         0  swo.o ABSOLUTE
    ..\DAP\SW_DP.c                           0x00000000   Number         0  sw_dp.o ABSOLUTE
    ..\DAP\USBD_User_HID_0.c                 0x00000000   Number         0  usbd_user_hid_0.o ABSOLUTE
    ..\DAP\device.c                          0x00000000   Number         0  device.o ABSOLUTE
    ..\Drivers\STM32F1xx_HAL_Driver\Src\stm32f1xx_hal.c 0x00000000   Number         0  stm32f1xx_hal.o ABSOLUTE
    ..\Drivers\STM32F1xx_HAL_Driver\Src\stm32f1xx_hal_cortex.c 0x00000000   Number         0  stm32f1xx_hal_cortex.o ABSOLUTE
    ..\Drivers\STM32F1xx_HAL_Driver\Src\stm32f1xx_hal_dma.c 0x00000000   Number         0  stm32f1xx_hal_dma.o ABSOLUTE
    ..\Drivers\STM32F1xx_HAL_Driver\Src\stm32f1xx_hal_exti.c 0x00000000   Number         0  stm32f1xx_hal_exti.o ABSOLUTE
    ..\Drivers\STM32F1xx_HAL_Driver\Src\stm32f1xx_hal_flash.c 0x00000000   Number         0  stm32f1xx_hal_flash.o ABSOLUTE
    ..\Drivers\STM32F1xx_HAL_Driver\Src\stm32f1xx_hal_flash_ex.c 0x00000000   Number         0  stm32f1xx_hal_flash_ex.o ABSOLUTE
    ..\Drivers\STM32F1xx_HAL_Driver\Src\stm32f1xx_hal_gpio.c 0x00000000   Number         0  stm32f1xx_hal_gpio.o ABSOLUTE
    ..\Drivers\STM32F1xx_HAL_Driver\Src\stm32f1xx_hal_gpio_ex.c 0x00000000   Number         0  stm32f1xx_hal_gpio_ex.o ABSOLUTE
    ..\Drivers\STM32F1xx_HAL_Driver\Src\stm32f1xx_hal_pcd.c 0x00000000   Number         0  stm32f1xx_hal_pcd.o ABSOLUTE
    ..\Drivers\STM32F1xx_HAL_Driver\Src\stm32f1xx_hal_pcd_ex.c 0x00000000   Number         0  stm32f1xx_hal_pcd_ex.o ABSOLUTE
    ..\Drivers\STM32F1xx_HAL_Driver\Src\stm32f1xx_hal_pwr.c 0x00000000   Number         0  stm32f1xx_hal_pwr.o ABSOLUTE
    ..\Drivers\STM32F1xx_HAL_Driver\Src\stm32f1xx_hal_rcc.c 0x00000000   Number         0  stm32f1xx_hal_rcc.o ABSOLUTE
    ..\Drivers\STM32F1xx_HAL_Driver\Src\stm32f1xx_hal_rcc_ex.c 0x00000000   Number         0  stm32f1xx_hal_rcc_ex.o ABSOLUTE
    ..\Drivers\STM32F1xx_HAL_Driver\Src\stm32f1xx_hal_spi.c 0x00000000   Number         0  stm32f1xx_hal_spi.o ABSOLUTE
    ..\Drivers\STM32F1xx_HAL_Driver\Src\stm32f1xx_hal_tim.c 0x00000000   Number         0  stm32f1xx_hal_tim.o ABSOLUTE
    ..\Drivers\STM32F1xx_HAL_Driver\Src\stm32f1xx_hal_tim_ex.c 0x00000000   Number         0  stm32f1xx_hal_tim_ex.o ABSOLUTE
    ..\Drivers\STM32F1xx_HAL_Driver\Src\stm32f1xx_hal_uart.c 0x00000000   Number         0  stm32f1xx_hal_uart.o ABSOLUTE
    ..\Drivers\STM32F1xx_HAL_Driver\Src\stm32f1xx_ll_usb.c 0x00000000   Number         0  stm32f1xx_ll_usb.o ABSOLUTE
    ..\Middlewares\ST\STM32_USB_Device_Library\Class\CustomHID\Src\usbd_customhid.c 0x00000000   Number         0  usbd_customhid.o ABSOLUTE
    ..\Middlewares\ST\STM32_USB_Device_Library\Core\Src\usbd_core.c 0x00000000   Number         0  usbd_core.o ABSOLUTE
    ..\Middlewares\ST\STM32_USB_Device_Library\Core\Src\usbd_ctlreq.c 0x00000000   Number         0  usbd_ctlreq.o ABSOLUTE
    ..\Middlewares\ST\STM32_USB_Device_Library\Core\Src\usbd_ioreq.c 0x00000000   Number         0  usbd_ioreq.o ABSOLUTE
    ..\Src\main.c                            0x00000000   Number         0  main.o ABSOLUTE
    ..\Src\stm32f1xx_hal_msp.c               0x00000000   Number         0  stm32f1xx_hal_msp.o ABSOLUTE
    ..\Src\stm32f1xx_it.c                    0x00000000   Number         0  stm32f1xx_it.o ABSOLUTE
    ..\Src\system_stm32f1xx.c                0x00000000   Number         0  system_stm32f1xx.o ABSOLUTE
    ..\Src\usb_device.c                      0x00000000   Number         0  usb_device.o ABSOLUTE
    ..\Src\usbd_conf.c                       0x00000000   Number         0  usbd_conf.o ABSOLUTE
    ..\Src\usbd_custom_hid_if.c              0x00000000   Number         0  usbd_custom_hid_if.o ABSOLUTE
    ..\Src\usbd_desc.c                       0x00000000   Number         0  usbd_desc.o ABSOLUTE
    ..\\DAP\\DAP.c                           0x00000000   Number         0  dap.o ABSOLUTE
    ..\\DAP\\DAP_vendor.c                    0x00000000   Number         0  dap_vendor.o ABSOLUTE
    ..\\DAP\\JTAG_DP.c                       0x00000000   Number         0  jtag_dp.o ABSOLUTE
    ..\\DAP\\SWO.c                           0x00000000   Number         0  swo.o ABSOLUTE
    ..\\DAP\\SW_DP.c                         0x00000000   Number         0  sw_dp.o ABSOLUTE
    ..\\DAP\\USBD_User_HID_0.c               0x00000000   Number         0  usbd_user_hid_0.o ABSOLUTE
    ..\\DAP\\device.c                        0x00000000   Number         0  device.o ABSOLUTE
    dc.s                                     0x00000000   Number         0  dc.o ABSOLUTE
    handlers.s                               0x00000000   Number         0  handlers.o ABSOLUTE
    init.s                                   0x00000000   Number         0  init.o ABSOLUTE
    startup_stm32f103xb.s                    0x00000000   Number         0  startup_stm32f103xb.o ABSOLUTE
    RESET                                    0x08000000   Section      236  startup_stm32f103xb.o(RESET)
    .ARM.Collect$$$$00000000                 0x080000ec   Section        0  entry.o(.ARM.Collect$$$$00000000)
    .ARM.Collect$$$$00000001                 0x080000ec   Section        4  entry2.o(.ARM.Collect$$$$00000001)
    .ARM.Collect$$$$00000004                 0x080000f0   Section        4  entry5.o(.ARM.Collect$$$$00000004)
    .ARM.Collect$$$$00000008                 0x080000f4   Section        0  entry7b.o(.ARM.Collect$$$$00000008)
    .ARM.Collect$$$$0000000A                 0x080000f4   Section        0  entry8b.o(.ARM.Collect$$$$0000000A)
    .ARM.Collect$$$$0000000B                 0x080000f4   Section        8  entry9a.o(.ARM.Collect$$$$0000000B)
    .ARM.Collect$$$$0000000D                 0x080000fc   Section        0  entry10a.o(.ARM.Collect$$$$0000000D)
    .ARM.Collect$$$$0000000F                 0x080000fc   Section        0  entry11a.o(.ARM.Collect$$$$0000000F)
    .ARM.Collect$$$$00002712                 0x080000fc   Section        4  entry2.o(.ARM.Collect$$$$00002712)
    __lit__00000000                          0x080000fc   Data           4  entry2.o(.ARM.Collect$$$$00002712)
    .text                                    0x08000100   Section       36  startup_stm32f103xb.o(.text)
    .text                                    0x08000124   Section        0  memcpya.o(.text)
    .text                                    0x08000148   Section        0  memseta.o(.text)
    .text                                    0x0800016c   Section       36  init.o(.text)
    .text                                    0x08000190   Section        0  __dczerorl2.o(.text)
    i.BusFault_Handler                       0x080001e6   Section        0  stm32f1xx_it.o(i.BusFault_Handler)
    i.CUSTOM_HID_DeInit_FS                   0x080001ea   Section        0  usbd_custom_hid_if.o(i.CUSTOM_HID_DeInit_FS)
    CUSTOM_HID_DeInit_FS                     0x080001eb   Thumb Code    10  usbd_custom_hid_if.o(i.CUSTOM_HID_DeInit_FS)
    i.CUSTOM_HID_InEvent_FS                  0x080001f4   Section        0  usbd_custom_hid_if.o(i.CUSTOM_HID_InEvent_FS)
    CUSTOM_HID_InEvent_FS                    0x080001f5   Thumb Code    14  usbd_custom_hid_if.o(i.CUSTOM_HID_InEvent_FS)
    i.CUSTOM_HID_Init_FS                     0x08000202   Section        0  usbd_custom_hid_if.o(i.CUSTOM_HID_Init_FS)
    CUSTOM_HID_Init_FS                       0x08000203   Thumb Code    10  usbd_custom_hid_if.o(i.CUSTOM_HID_Init_FS)
    i.CUSTOM_HID_OutEvent_FS                 0x0800020c   Section        0  usbd_custom_hid_if.o(i.CUSTOM_HID_OutEvent_FS)
    CUSTOM_HID_OutEvent_FS                   0x0800020d   Thumb Code    14  usbd_custom_hid_if.o(i.CUSTOM_HID_OutEvent_FS)
    i.DEVICE_Init                            0x0800021c   Section        0  device.o(i.DEVICE_Init)
    i.DebugMon_Handler                       0x08000244   Section        0  stm32f1xx_it.o(i.DebugMon_Handler)
    i.Error_Handler                          0x08000246   Section        0  main.o(i.Error_Handler)
    i.Get_SerialNum                          0x08000248   Section        0  usbd_desc.o(i.Get_SerialNum)
    Get_SerialNum                            0x08000249   Thumb Code    42  usbd_desc.o(i.Get_SerialNum)
    i.HAL_GPIO_Init                          0x0800027c   Section        0  stm32f1xx_hal_gpio.o(i.HAL_GPIO_Init)
    i.HAL_GPIO_WritePin                      0x0800059c   Section        0  stm32f1xx_hal_gpio.o(i.HAL_GPIO_WritePin)
    i.HAL_GetTick                            0x080005a8   Section        0  stm32f1xx_hal.o(i.HAL_GetTick)
    i.HAL_IncTick                            0x080005b4   Section        0  stm32f1xx_hal.o(i.HAL_IncTick)
    i.HAL_Init                               0x080005cc   Section        0  stm32f1xx_hal.o(i.HAL_Init)
    i.HAL_InitTick                           0x080005f4   Section        0  stm32f1xx_hal.o(i.HAL_InitTick)
    i.HAL_MspInit                            0x08000640   Section        0  stm32f1xx_hal_msp.o(i.HAL_MspInit)
    i.HAL_NVIC_EnableIRQ                     0x08000694   Section        0  stm32f1xx_hal_cortex.o(i.HAL_NVIC_EnableIRQ)
    i.HAL_NVIC_SetPriority                   0x080006b4   Section        0  stm32f1xx_hal_cortex.o(i.HAL_NVIC_SetPriority)
    i.HAL_NVIC_SetPriorityGrouping           0x08000730   Section        0  stm32f1xx_hal_cortex.o(i.HAL_NVIC_SetPriorityGrouping)
    i.HAL_PCDEx_PMAConfig                    0x08000758   Section        0  stm32f1xx_hal_pcd_ex.o(i.HAL_PCDEx_PMAConfig)
    i.HAL_PCDEx_SetConnectionState           0x08000794   Section        0  usbd_conf.o(i.HAL_PCDEx_SetConnectionState)
    i.HAL_PCD_DataInStageCallback            0x08000796   Section        0  usbd_conf.o(i.HAL_PCD_DataInStageCallback)
    i.HAL_PCD_DataOutStageCallback           0x080007b2   Section        0  usbd_conf.o(i.HAL_PCD_DataOutStageCallback)
    i.HAL_PCD_EP_Close                       0x080007ce   Section        0  stm32f1xx_hal_pcd.o(i.HAL_PCD_EP_Close)
    i.HAL_PCD_EP_ClrStall                    0x08000830   Section        0  stm32f1xx_hal_pcd.o(i.HAL_PCD_EP_ClrStall)
    i.HAL_PCD_EP_Open                        0x080008a4   Section        0  stm32f1xx_hal_pcd.o(i.HAL_PCD_EP_Open)
    i.HAL_PCD_EP_Receive                     0x08000928   Section        0  stm32f1xx_hal_pcd.o(i.HAL_PCD_EP_Receive)
    i.HAL_PCD_EP_SetStall                    0x08000970   Section        0  stm32f1xx_hal_pcd.o(i.HAL_PCD_EP_SetStall)
    i.HAL_PCD_EP_Transmit                    0x080009f0   Section        0  stm32f1xx_hal_pcd.o(i.HAL_PCD_EP_Transmit)
    i.HAL_PCD_IRQHandler                     0x08000a3a   Section        0  stm32f1xx_hal_pcd.o(i.HAL_PCD_IRQHandler)
    i.HAL_PCD_Init                           0x08000bba   Section        0  stm32f1xx_hal_pcd.o(i.HAL_PCD_Init)
    i.HAL_PCD_MspInit                        0x08000ce8   Section        0  usbd_conf.o(i.HAL_PCD_MspInit)
    i.HAL_PCD_ResetCallback                  0x08000d2c   Section        0  usbd_conf.o(i.HAL_PCD_ResetCallback)
    i.HAL_PCD_ResumeCallback                 0x08000d50   Section        0  usbd_conf.o(i.HAL_PCD_ResumeCallback)
    i.HAL_PCD_SOFCallback                    0x08000d5e   Section        0  usbd_conf.o(i.HAL_PCD_SOFCallback)
    i.HAL_PCD_SetAddress                     0x08000d6c   Section        0  stm32f1xx_hal_pcd.o(i.HAL_PCD_SetAddress)
    i.HAL_PCD_SetupStageCallback             0x08000da2   Section        0  usbd_conf.o(i.HAL_PCD_SetupStageCallback)
    i.HAL_PCD_Start                          0x08000db4   Section        0  stm32f1xx_hal_pcd.o(i.HAL_PCD_Start)
    i.HAL_PCD_SuspendCallback                0x08000df0   Section        0  usbd_conf.o(i.HAL_PCD_SuspendCallback)
    i.HAL_RCCEx_PeriphCLKConfig              0x08000e14   Section        0  stm32f1xx_hal_rcc_ex.o(i.HAL_RCCEx_PeriphCLKConfig)
    i.HAL_RCC_ClockConfig                    0x08000f44   Section        0  stm32f1xx_hal_rcc.o(i.HAL_RCC_ClockConfig)
    i.HAL_RCC_GetHCLKFreq                    0x080010d0   Section        0  stm32f1xx_hal_rcc.o(i.HAL_RCC_GetHCLKFreq)
    i.HAL_RCC_GetPCLK1Freq                   0x080010dc   Section        0  stm32f1xx_hal_rcc.o(i.HAL_RCC_GetPCLK1Freq)
    i.HAL_RCC_GetPCLK2Freq                   0x080010fc   Section        0  stm32f1xx_hal_rcc.o(i.HAL_RCC_GetPCLK2Freq)
    i.HAL_RCC_GetSysClockFreq                0x0800111c   Section        0  stm32f1xx_hal_rcc.o(i.HAL_RCC_GetSysClockFreq)
    i.HAL_RCC_OscConfig                      0x080011b0   Section        0  stm32f1xx_hal_rcc.o(i.HAL_RCC_OscConfig)
    i.HAL_SPI_Init                           0x08001614   Section        0  stm32f1xx_hal_spi.o(i.HAL_SPI_Init)
    i.HAL_SPI_MspInit                        0x0800169c   Section        0  stm32f1xx_hal_msp.o(i.HAL_SPI_MspInit)
    i.HAL_SYSTICK_Config                     0x08001720   Section        0  stm32f1xx_hal_cortex.o(i.HAL_SYSTICK_Config)
    i.HAL_UART_Init                          0x08001754   Section        0  stm32f1xx_hal_uart.o(i.HAL_UART_Init)
    i.HAL_UART_MspInit                       0x080017c8   Section        0  stm32f1xx_hal_msp.o(i.HAL_UART_MspInit)
    i.HardFault_Handler                      0x08001850   Section        0  stm32f1xx_it.o(i.HardFault_Handler)
    i.IntToUnicode                           0x08001854   Section        0  usbd_desc.o(i.IntToUnicode)
    IntToUnicode                             0x08001855   Thumb Code    62  usbd_desc.o(i.IntToUnicode)
    i.MX_GPIO_Init                           0x08001894   Section        0  main.o(i.MX_GPIO_Init)
    MX_GPIO_Init                             0x08001895   Thumb Code   246  main.o(i.MX_GPIO_Init)
    i.MX_SPI1_Init                           0x08001998   Section        0  main.o(i.MX_SPI1_Init)
    MX_SPI1_Init                             0x08001999   Thumb Code    60  main.o(i.MX_SPI1_Init)
    i.MX_USART1_UART_Init                    0x080019dc   Section        0  main.o(i.MX_USART1_UART_Init)
    MX_USART1_UART_Init                      0x080019dd   Thumb Code    46  main.o(i.MX_USART1_UART_Init)
    i.MX_USB_DEVICE_Init                     0x08001a14   Section        0  usb_device.o(i.MX_USB_DEVICE_Init)
    i.MemManage_Handler                      0x08001a60   Section        0  stm32f1xx_it.o(i.MemManage_Handler)
    i.NMI_Handler                            0x08001a64   Section        0  stm32f1xx_it.o(i.NMI_Handler)
    i.PCD_EP_ISR_Handler                     0x08001a66   Section        0  stm32f1xx_hal_pcd.o(i.PCD_EP_ISR_Handler)
    PCD_EP_ISR_Handler                       0x08001a67   Thumb Code   920  stm32f1xx_hal_pcd.o(i.PCD_EP_ISR_Handler)
    i.PendSV_Handler                         0x08001dfe   Section        0  stm32f1xx_it.o(i.PendSV_Handler)
    i.RCC_Delay                              0x08001e00   Section        0  stm32f1xx_hal_rcc.o(i.RCC_Delay)
    RCC_Delay                                0x08001e01   Thumb Code    36  stm32f1xx_hal_rcc.o(i.RCC_Delay)
    i.SVC_Handler                            0x08001e28   Section        0  stm32f1xx_it.o(i.SVC_Handler)
    i.SysTick_Handler                        0x08001e2a   Section        0  stm32f1xx_it.o(i.SysTick_Handler)
    i.SystemClock_Config                     0x08001e32   Section        0  main.o(i.SystemClock_Config)
    i.SystemInit                             0x08001eb8   Section        0  system_stm32f1xx.o(i.SystemInit)
    i.UART_SetConfig                         0x08001f10   Section        0  stm32f1xx_hal_uart.o(i.UART_SetConfig)
    UART_SetConfig                           0x08001f11   Thumb Code   412  stm32f1xx_hal_uart.o(i.UART_SetConfig)
    i.USBD_CUSTOM_HID_DataIn                 0x080020b0   Section        0  usbd_customhid.o(i.USBD_CUSTOM_HID_DataIn)
    USBD_CUSTOM_HID_DataIn                   0x080020b1   Thumb Code    32  usbd_customhid.o(i.USBD_CUSTOM_HID_DataIn)
    i.USBD_CUSTOM_HID_DataOut                0x080020d0   Section        0  usbd_customhid.o(i.USBD_CUSTOM_HID_DataOut)
    USBD_CUSTOM_HID_DataOut                  0x080020d1   Thumb Code    38  usbd_customhid.o(i.USBD_CUSTOM_HID_DataOut)
    i.USBD_CUSTOM_HID_DeInit                 0x080020f6   Section        0  usbd_customhid.o(i.USBD_CUSTOM_HID_DeInit)
    USBD_CUSTOM_HID_DeInit                   0x080020f7   Thumb Code    64  usbd_customhid.o(i.USBD_CUSTOM_HID_DeInit)
    i.USBD_CUSTOM_HID_EP0_RxReady            0x08002136   Section        0  usbd_customhid.o(i.USBD_CUSTOM_HID_EP0_RxReady)
    USBD_CUSTOM_HID_EP0_RxReady              0x08002137   Thumb Code    34  usbd_customhid.o(i.USBD_CUSTOM_HID_EP0_RxReady)
    i.USBD_CUSTOM_HID_GetDeviceQualifierDesc 0x08002158   Section        0  usbd_customhid.o(i.USBD_CUSTOM_HID_GetDeviceQualifierDesc)
    USBD_CUSTOM_HID_GetDeviceQualifierDesc   0x08002159   Thumb Code    10  usbd_customhid.o(i.USBD_CUSTOM_HID_GetDeviceQualifierDesc)
    i.USBD_CUSTOM_HID_GetFSCfgDesc           0x08002168   Section        0  usbd_customhid.o(i.USBD_CUSTOM_HID_GetFSCfgDesc)
    USBD_CUSTOM_HID_GetFSCfgDesc             0x08002169   Thumb Code    10  usbd_customhid.o(i.USBD_CUSTOM_HID_GetFSCfgDesc)
    i.USBD_CUSTOM_HID_GetHSCfgDesc           0x08002178   Section        0  usbd_customhid.o(i.USBD_CUSTOM_HID_GetHSCfgDesc)
    USBD_CUSTOM_HID_GetHSCfgDesc             0x08002179   Thumb Code    10  usbd_customhid.o(i.USBD_CUSTOM_HID_GetHSCfgDesc)
    i.USBD_CUSTOM_HID_GetOtherSpeedCfgDesc   0x08002188   Section        0  usbd_customhid.o(i.USBD_CUSTOM_HID_GetOtherSpeedCfgDesc)
    USBD_CUSTOM_HID_GetOtherSpeedCfgDesc     0x08002189   Thumb Code    10  usbd_customhid.o(i.USBD_CUSTOM_HID_GetOtherSpeedCfgDesc)
    i.USBD_CUSTOM_HID_Init                   0x08002198   Section        0  usbd_customhid.o(i.USBD_CUSTOM_HID_Init)
    USBD_CUSTOM_HID_Init                     0x08002199   Thumb Code    98  usbd_customhid.o(i.USBD_CUSTOM_HID_Init)
    i.USBD_CUSTOM_HID_RegisterInterface      0x080021fa   Section        0  usbd_customhid.o(i.USBD_CUSTOM_HID_RegisterInterface)
    i.USBD_CUSTOM_HID_SendReport             0x08002208   Section        0  usbd_customhid.o(i.USBD_CUSTOM_HID_SendReport)
    i.USBD_CUSTOM_HID_Setup                  0x08002244   Section        0  usbd_customhid.o(i.USBD_CUSTOM_HID_Setup)
    USBD_CUSTOM_HID_Setup                    0x08002245   Thumb Code   366  usbd_customhid.o(i.USBD_CUSTOM_HID_Setup)
    i.USBD_ClrClassConfig                    0x080023b8   Section        0  usbd_core.o(i.USBD_ClrClassConfig)
    i.USBD_ClrFeature                        0x080023ce   Section        0  usbd_ctlreq.o(i.USBD_ClrFeature)
    USBD_ClrFeature                          0x080023cf   Thumb Code    62  usbd_ctlreq.o(i.USBD_ClrFeature)
    i.USBD_CtlContinueRx                     0x0800240c   Section        0  usbd_ioreq.o(i.USBD_CtlContinueRx)
    i.USBD_CtlContinueSendData               0x08002424   Section        0  usbd_ioreq.o(i.USBD_CtlContinueSendData)
    i.USBD_CtlError                          0x0800243c   Section        0  usbd_ctlreq.o(i.USBD_CtlError)
    i.USBD_CtlPrepareRx                      0x08002454   Section        0  usbd_ioreq.o(i.USBD_CtlPrepareRx)
    i.USBD_CtlReceiveStatus                  0x0800247c   Section        0  usbd_ioreq.o(i.USBD_CtlReceiveStatus)
    i.USBD_CtlSendData                       0x08002496   Section        0  usbd_ioreq.o(i.USBD_CtlSendData)
    i.USBD_CtlSendStatus                     0x080024b8   Section        0  usbd_ioreq.o(i.USBD_CtlSendStatus)
    i.USBD_FS_ConfigStrDescriptor            0x080024d4   Section        0  usbd_desc.o(i.USBD_FS_ConfigStrDescriptor)
    i.USBD_FS_DeviceDescriptor               0x08002510   Section        0  usbd_desc.o(i.USBD_FS_DeviceDescriptor)
    i.USBD_FS_InterfaceStrDescriptor         0x08002520   Section        0  usbd_desc.o(i.USBD_FS_InterfaceStrDescriptor)
    i.USBD_FS_LangIDStrDescriptor            0x08002560   Section        0  usbd_desc.o(i.USBD_FS_LangIDStrDescriptor)
    i.USBD_FS_ManufacturerStrDescriptor      0x08002570   Section        0  usbd_desc.o(i.USBD_FS_ManufacturerStrDescriptor)
    i.USBD_FS_ProductStrDescriptor           0x0800259c   Section        0  usbd_desc.o(i.USBD_FS_ProductStrDescriptor)
    i.USBD_FS_SerialStrDescriptor            0x080025e4   Section        0  usbd_desc.o(i.USBD_FS_SerialStrDescriptor)
    i.USBD_GetConfig                         0x080025fc   Section        0  usbd_ctlreq.o(i.USBD_GetConfig)
    USBD_GetConfig                           0x080025fd   Thumb Code    86  usbd_ctlreq.o(i.USBD_GetConfig)
    i.USBD_GetDescriptor                     0x08002652   Section        0  usbd_ctlreq.o(i.USBD_GetDescriptor)
    USBD_GetDescriptor                       0x08002653   Thumb Code   500  usbd_ctlreq.o(i.USBD_GetDescriptor)
    i.USBD_GetLen                            0x08002846   Section        0  usbd_ctlreq.o(i.USBD_GetLen)
    USBD_GetLen                              0x08002847   Thumb Code    20  usbd_ctlreq.o(i.USBD_GetLen)
    i.USBD_GetStatus                         0x0800285a   Section        0  usbd_ctlreq.o(i.USBD_GetStatus)
    USBD_GetStatus                           0x0800285b   Thumb Code    90  usbd_ctlreq.o(i.USBD_GetStatus)
    i.USBD_GetString                         0x080028b4   Section        0  usbd_ctlreq.o(i.USBD_GetString)
    i.USBD_Get_USB_Status                    0x08002906   Section        0  usbd_conf.o(i.USBD_Get_USB_Status)
    USBD_Get_USB_Status                      0x08002907   Thumb Code    44  usbd_conf.o(i.USBD_Get_USB_Status)
    i.USBD_HID0_GetReport                    0x08002934   Section        0  usbd_user_hid_0.o(i.USBD_HID0_GetReport)
    i.USBD_HID0_Initialize                   0x080029c8   Section        0  usbd_user_hid_0.o(i.USBD_HID0_Initialize)
    i.USBD_HID0_SetReport                    0x08002a18   Section        0  usbd_user_hid_0.o(i.USBD_HID0_SetReport)
    i.USBD_HID0_Uninitialize                 0x08002ac0   Section        0  usbd_user_hid_0.o(i.USBD_HID0_Uninitialize)
    i.USBD_HID_GetReportTrigger              0x08002ac4   Section        0  device.o(i.USBD_HID_GetReportTrigger)
    i.USBD_InEvent                           0x08002ae4   Section        0  device.o(i.USBD_InEvent)
    i.USBD_Init                              0x08002b10   Section        0  usbd_core.o(i.USBD_Init)
    i.USBD_LL_ClearStallEP                   0x08002b42   Section        0  usbd_conf.o(i.USBD_LL_ClearStallEP)
    i.USBD_LL_CloseEP                        0x08002b68   Section        0  usbd_conf.o(i.USBD_LL_CloseEP)
    i.USBD_LL_DataInStage                    0x08002b8e   Section        0  usbd_core.o(i.USBD_LL_DataInStage)
    i.USBD_LL_DataOutStage                   0x08002c8e   Section        0  usbd_core.o(i.USBD_LL_DataOutStage)
    i.USBD_LL_Init                           0x08002d34   Section        0  usbd_conf.o(i.USBD_LL_Init)
    i.USBD_LL_IsStallEP                      0x08002da8   Section        0  usbd_conf.o(i.USBD_LL_IsStallEP)
    i.USBD_LL_OpenEP                         0x08002dd8   Section        0  usbd_conf.o(i.USBD_LL_OpenEP)
    i.USBD_LL_PrepareReceive                 0x08002e08   Section        0  usbd_conf.o(i.USBD_LL_PrepareReceive)
    i.USBD_LL_Reset                          0x08002e38   Section        0  usbd_core.o(i.USBD_LL_Reset)
    i.USBD_LL_Resume                         0x08002e94   Section        0  usbd_core.o(i.USBD_LL_Resume)
    i.USBD_LL_SOF                            0x08002eaa   Section        0  usbd_core.o(i.USBD_LL_SOF)
    i.USBD_LL_SetSpeed                       0x08002ecc   Section        0  usbd_core.o(i.USBD_LL_SetSpeed)
    i.USBD_LL_SetUSBAddress                  0x08002ed4   Section        0  usbd_conf.o(i.USBD_LL_SetUSBAddress)
    i.USBD_LL_SetupStage                     0x08002efa   Section        0  usbd_core.o(i.USBD_LL_SetupStage)
    i.USBD_LL_StallEP                        0x08002f68   Section        0  usbd_conf.o(i.USBD_LL_StallEP)
    i.USBD_LL_Start                          0x08002f8e   Section        0  usbd_conf.o(i.USBD_LL_Start)
    i.USBD_LL_Suspend                        0x08002fac   Section        0  usbd_core.o(i.USBD_LL_Suspend)
    i.USBD_LL_Transmit                       0x08002fc0   Section        0  usbd_conf.o(i.USBD_LL_Transmit)
    i.USBD_OutEvent                          0x08002ff0   Section        0  device.o(i.USBD_OutEvent)
    i.USBD_ParseSetupRequest                 0x08003010   Section        0  usbd_ctlreq.o(i.USBD_ParseSetupRequest)
    i.USBD_RegisterClass                     0x08003038   Section        0  usbd_core.o(i.USBD_RegisterClass)
    i.USBD_RunTestMode                       0x08003048   Section        0  usbd_core.o(i.USBD_RunTestMode)
    i.USBD_SetAddress                        0x0800304e   Section        0  usbd_ctlreq.o(i.USBD_SetAddress)
    USBD_SetAddress                          0x0800304f   Thumb Code    90  usbd_ctlreq.o(i.USBD_SetAddress)
    i.USBD_SetClassConfig                    0x080030a8   Section        0  usbd_core.o(i.USBD_SetClassConfig)
    i.USBD_SetConfig                         0x080030cc   Section        0  usbd_ctlreq.o(i.USBD_SetConfig)
    USBD_SetConfig                           0x080030cd   Thumb Code   228  usbd_ctlreq.o(i.USBD_SetConfig)
    i.USBD_SetFeature                        0x080031b4   Section        0  usbd_ctlreq.o(i.USBD_SetFeature)
    USBD_SetFeature                          0x080031b5   Thumb Code    24  usbd_ctlreq.o(i.USBD_SetFeature)
    i.USBD_Start                             0x080031cc   Section        0  usbd_core.o(i.USBD_Start)
    i.USBD_StdDevReq                         0x080031da   Section        0  usbd_ctlreq.o(i.USBD_StdDevReq)
    i.USBD_StdEPReq                          0x0800327c   Section        0  usbd_ctlreq.o(i.USBD_StdEPReq)
    i.USBD_StdItfReq                         0x080034b4   Section        0  usbd_ctlreq.o(i.USBD_StdItfReq)
    i.USBD_static_free                       0x08003532   Section        0  usbd_conf.o(i.USBD_static_free)
    i.USBD_static_malloc                     0x08003534   Section        0  usbd_conf.o(i.USBD_static_malloc)
    i.USB_ActivateEndpoint                   0x08003540   Section        0  stm32f1xx_ll_usb.o(i.USB_ActivateEndpoint)
    i.USB_CoreInit                           0x080039d6   Section        0  stm32f1xx_ll_usb.o(i.USB_CoreInit)
    i.USB_DeactivateEndpoint                 0x080039de   Section        0  stm32f1xx_ll_usb.o(i.USB_DeactivateEndpoint)
    i.USB_DevConnect                         0x08003c5a   Section        0  stm32f1xx_ll_usb.o(i.USB_DevConnect)
    i.USB_DevDisconnect                      0x08003c60   Section        0  stm32f1xx_ll_usb.o(i.USB_DevDisconnect)
    i.USB_DevInit                            0x08003c66   Section        0  stm32f1xx_ll_usb.o(i.USB_DevInit)
    i.USB_DisableGlobalInt                   0x08003c84   Section        0  stm32f1xx_ll_usb.o(i.USB_DisableGlobalInt)
    i.USB_EP0_OutStart                       0x08003c98   Section        0  stm32f1xx_ll_usb.o(i.USB_EP0_OutStart)
    i.USB_EPClearStall                       0x08003c9e   Section        0  stm32f1xx_ll_usb.o(i.USB_EPClearStall)
    i.USB_EPSetStall                         0x08003d78   Section        0  stm32f1xx_ll_usb.o(i.USB_EPSetStall)
    i.USB_EPStartXfer                        0x08003dd4   Section        0  stm32f1xx_ll_usb.o(i.USB_EPStartXfer)
    i.USB_EnableGlobalInt                    0x08004228   Section        0  stm32f1xx_ll_usb.o(i.USB_EnableGlobalInt)
    i.USB_LP_CAN1_RX0_IRQHandler             0x0800423c   Section        0  stm32f1xx_it.o(i.USB_LP_CAN1_RX0_IRQHandler)
    i.USB_ReadInterrupts                     0x0800424c   Section        0  stm32f1xx_ll_usb.o(i.USB_ReadInterrupts)
    i.USB_ReadPMA                            0x08004254   Section        0  stm32f1xx_ll_usb.o(i.USB_ReadPMA)
    i.USB_SetCurrentMode                     0x0800429e   Section        0  stm32f1xx_ll_usb.o(i.USB_SetCurrentMode)
    i.USB_SetDevAddress                      0x080042a4   Section        0  stm32f1xx_ll_usb.o(i.USB_SetDevAddress)
    i.USB_WritePMA                           0x080042b2   Section        0  stm32f1xx_ll_usb.o(i.USB_WritePMA)
    i.UsageFault_Handler                     0x080042f4   Section        0  stm32f1xx_it.o(i.UsageFault_Handler)
    i.__NVIC_GetPriorityGrouping             0x080042f8   Section        0  stm32f1xx_hal_cortex.o(i.__NVIC_GetPriorityGrouping)
    __NVIC_GetPriorityGrouping               0x080042f9   Thumb Code    10  stm32f1xx_hal_cortex.o(i.__NVIC_GetPriorityGrouping)
    i.__NVIC_SetPriority                     0x08004308   Section        0  stm32f1xx_hal_cortex.o(i.__NVIC_SetPriority)
    __NVIC_SetPriority                       0x08004309   Thumb Code    32  stm32f1xx_hal_cortex.o(i.__NVIC_SetPriority)
    i.__scatterload_copy                     0x08004330   Section       14  handlers.o(i.__scatterload_copy)
    i.__scatterload_null                     0x0800433e   Section        2  handlers.o(i.__scatterload_null)
    i.__scatterload_zeroinit                 0x08004340   Section       14  handlers.o(i.__scatterload_zeroinit)
    i.main                                   0x0800434e   Section        0  main.o(i.main)
    i.osThreadFlagsSet                       0x08004370   Section        0  device.o(i.osThreadFlagsSet)
    .constdata                               0x08004380   Section       24  system_stm32f1xx.o(.constdata)
    .data                                    0x20000000   Section        4  main.o(.data)
    .data                                    0x20000004   Section       78  usbd_desc.o(.data)
    .data                                    0x20000054   Section       52  usbd_custom_hid_if.o(.data)
    CUSTOM_HID_ReportDesc_FS                 0x20000054   Data          32  usbd_custom_hid_if.o(.data)
    .data                                    0x20000088   Section        9  stm32f1xx_hal.o(.data)
    .data                                    0x20000094   Section        4  system_stm32f1xx.o(.data)
    .data                                    0x20000098   Section        1  usbd_ctlreq.o(.data)
    cfgidx                                   0x20000098   Data           1  usbd_ctlreq.o(.data)
    .data                                    0x2000009c   Section      210  usbd_customhid.o(.data)
    USBD_CUSTOM_HID_CfgFSDesc                0x200000d4   Data          41  usbd_customhid.o(.data)
    USBD_CUSTOM_HID_CfgHSDesc                0x20000100   Data          41  usbd_customhid.o(.data)
    USBD_CUSTOM_HID_OtherSpeedCfgDesc        0x2000012c   Data          41  usbd_customhid.o(.data)
    USBD_CUSTOM_HID_Desc                     0x20000158   Data           9  usbd_customhid.o(.data)
    USBD_CUSTOM_HID_DeviceQualifierDesc      0x20000164   Data          10  usbd_customhid.o(.data)
    .data                                    0x2000016e   Section        1  dap.o(.data)
    .data                                    0x20000170   Section        4  device.o(.data)
    osFlags                                  0x20000170   Data           4  device.o(.data)
    .data                                    0x20000174   Section       17  usbd_user_hid_0.o(.data)
    USB_RequestIndexI                        0x20000174   Data           2  usbd_user_hid_0.o(.data)
    USB_RequestIndexO                        0x20000176   Data           2  usbd_user_hid_0.o(.data)
    USB_RequestCountI                        0x20000178   Data           2  usbd_user_hid_0.o(.data)
    USB_RequestCountO                        0x2000017a   Data           2  usbd_user_hid_0.o(.data)
    USB_ResponseIndexI                       0x2000017c   Data           2  usbd_user_hid_0.o(.data)
    USB_ResponseIndexO                       0x2000017e   Data           2  usbd_user_hid_0.o(.data)
    USB_ResponseCountI                       0x20000180   Data           2  usbd_user_hid_0.o(.data)
    USB_ResponseCountO                       0x20000182   Data           2  usbd_user_hid_0.o(.data)
    USB_ResponseIdle                         0x20000184   Data           1  usbd_user_hid_0.o(.data)
    .bss                                     0x20000188   Section      152  main.o(.bss)
    .bss                                     0x20000220   Section      708  usb_device.o(.bss)
    .bss                                     0x200004e4   Section      708  usbd_conf.o(.bss)
    mem                                      0x20000750   Data          88  usbd_conf.o(.bss)
    .bss                                     0x200007a8   Section      512  usbd_desc.o(.bss)
    .bss                                     0x200009a8   Section     1024  usbd_user_hid_0.o(.bss)
    USB_Request                              0x200009a8   Data         512  usbd_user_hid_0.o(.bss)
    USB_Response                             0x20000ba8   Data         512  usbd_user_hid_0.o(.bss)
    STACK                                    0x20000da8   Section     1024  startup_stm32f103xb.o(STACK)

    Global Symbols

    Symbol Name                              Value     Ov Type        Size  Object(Section)

    BuildAttributes$$THM_ISAv4$P$D$K$B$S$PE$A:L22UL41UL21$X:L11$S22US41US21$IEEE1$IW$USESV6$~STKCKD$USESV7$~SHL$OSPACE$EBA8$MICROLIB$REQ8$PRES8$EABIv2 0x00000000   Number         0  anon$$obj.o ABSOLUTE
    __ARM_use_no_argv                        0x00000000   Number         0  main.o ABSOLUTE
    __cpp_initialize__aeabi_                  - Undefined Weak Reference
    __cxa_finalize                            - Undefined Weak Reference
    _clock_init                               - Undefined Weak Reference
    _microlib_exit                            - Undefined Weak Reference
    __Vectors_Size                           0x000000ec   Number         0  startup_stm32f103xb.o ABSOLUTE
    __Vectors                                0x08000000   Data           4  startup_stm32f103xb.o(RESET)
    __Vectors_End                            0x080000ec   Data           0  startup_stm32f103xb.o(RESET)
    __main                                   0x080000ed   Thumb Code     0  entry.o(.ARM.Collect$$$$00000000)
    _main_stk                                0x080000ed   Thumb Code     0  entry2.o(.ARM.Collect$$$$00000001)
    _main_scatterload                        0x080000f1   Thumb Code     0  entry5.o(.ARM.Collect$$$$00000004)
    __main_after_scatterload                 0x080000f5   Thumb Code     0  entry5.o(.ARM.Collect$$$$00000004)
    _main_clock                              0x080000f5   Thumb Code     0  entry7b.o(.ARM.Collect$$$$00000008)
    _main_cpp_init                           0x080000f5   Thumb Code     0  entry8b.o(.ARM.Collect$$$$0000000A)
    _main_init                               0x080000f5   Thumb Code     0  entry9a.o(.ARM.Collect$$$$0000000B)
    __rt_final_cpp                           0x080000fd   Thumb Code     0  entry10a.o(.ARM.Collect$$$$0000000D)
    __rt_final_exit                          0x080000fd   Thumb Code     0  entry11a.o(.ARM.Collect$$$$0000000F)
    Reset_Handler                            0x08000101   Thumb Code     8  startup_stm32f103xb.o(.text)
    ADC1_2_IRQHandler                        0x0800011b   Thumb Code     0  startup_stm32f103xb.o(.text)
    CAN1_RX1_IRQHandler                      0x0800011b   Thumb Code     0  startup_stm32f103xb.o(.text)
    CAN1_SCE_IRQHandler                      0x0800011b   Thumb Code     0  startup_stm32f103xb.o(.text)
    DMA1_Channel1_IRQHandler                 0x0800011b   Thumb Code     0  startup_stm32f103xb.o(.text)
    DMA1_Channel2_IRQHandler                 0x0800011b   Thumb Code     0  startup_stm32f103xb.o(.text)
    DMA1_Channel3_IRQHandler                 0x0800011b   Thumb Code     0  startup_stm32f103xb.o(.text)
    DMA1_Channel4_IRQHandler                 0x0800011b   Thumb Code     0  startup_stm32f103xb.o(.text)
    DMA1_Channel5_IRQHandler                 0x0800011b   Thumb Code     0  startup_stm32f103xb.o(.text)
    DMA1_Channel6_IRQHandler                 0x0800011b   Thumb Code     0  startup_stm32f103xb.o(.text)
    DMA1_Channel7_IRQHandler                 0x0800011b   Thumb Code     0  startup_stm32f103xb.o(.text)
    EXTI0_IRQHandler                         0x0800011b   Thumb Code     0  startup_stm32f103xb.o(.text)
    EXTI15_10_IRQHandler                     0x0800011b   Thumb Code     0  startup_stm32f103xb.o(.text)
    EXTI1_IRQHandler                         0x0800011b   Thumb Code     0  startup_stm32f103xb.o(.text)
    EXTI2_IRQHandler                         0x0800011b   Thumb Code     0  startup_stm32f103xb.o(.text)
    EXTI3_IRQHandler                         0x0800011b   Thumb Code     0  startup_stm32f103xb.o(.text)
    EXTI4_IRQHandler                         0x0800011b   Thumb Code     0  startup_stm32f103xb.o(.text)
    EXTI9_5_IRQHandler                       0x0800011b   Thumb Code     0  startup_stm32f103xb.o(.text)
    FLASH_IRQHandler                         0x0800011b   Thumb Code     0  startup_stm32f103xb.o(.text)
    I2C1_ER_IRQHandler                       0x0800011b   Thumb Code     0  startup_stm32f103xb.o(.text)
    I2C1_EV_IRQHandler                       0x0800011b   Thumb Code     0  startup_stm32f103xb.o(.text)
    I2C2_ER_IRQHandler                       0x0800011b   Thumb Code     0  startup_stm32f103xb.o(.text)
    I2C2_EV_IRQHandler                       0x0800011b   Thumb Code     0  startup_stm32f103xb.o(.text)
    PVD_IRQHandler                           0x0800011b   Thumb Code     0  startup_stm32f103xb.o(.text)
    RCC_IRQHandler                           0x0800011b   Thumb Code     0  startup_stm32f103xb.o(.text)
    RTC_Alarm_IRQHandler                     0x0800011b   Thumb Code     0  startup_stm32f103xb.o(.text)
    RTC_IRQHandler                           0x0800011b   Thumb Code     0  startup_stm32f103xb.o(.text)
    SPI1_IRQHandler                          0x0800011b   Thumb Code     0  startup_stm32f103xb.o(.text)
    SPI2_IRQHandler                          0x0800011b   Thumb Code     0  startup_stm32f103xb.o(.text)
    TAMPER_IRQHandler                        0x0800011b   Thumb Code     0  startup_stm32f103xb.o(.text)
    TIM1_BRK_IRQHandler                      0x0800011b   Thumb Code     0  startup_stm32f103xb.o(.text)
    TIM1_CC_IRQHandler                       0x0800011b   Thumb Code     0  startup_stm32f103xb.o(.text)
    TIM1_TRG_COM_IRQHandler                  0x0800011b   Thumb Code     0  startup_stm32f103xb.o(.text)
    TIM1_UP_IRQHandler                       0x0800011b   Thumb Code     0  startup_stm32f103xb.o(.text)
    TIM2_IRQHandler                          0x0800011b   Thumb Code     0  startup_stm32f103xb.o(.text)
    TIM3_IRQHandler                          0x0800011b   Thumb Code     0  startup_stm32f103xb.o(.text)
    TIM4_IRQHandler                          0x0800011b   Thumb Code     0  startup_stm32f103xb.o(.text)
    USART1_IRQHandler                        0x0800011b   Thumb Code     0  startup_stm32f103xb.o(.text)
    USART2_IRQHandler                        0x0800011b   Thumb Code     0  startup_stm32f103xb.o(.text)
    USART3_IRQHandler                        0x0800011b   Thumb Code     0  startup_stm32f103xb.o(.text)
    USBWakeUp_IRQHandler                     0x0800011b   Thumb Code     0  startup_stm32f103xb.o(.text)
    USB_HP_CAN1_TX_IRQHandler                0x0800011b   Thumb Code     0  startup_stm32f103xb.o(.text)
    WWDG_IRQHandler                          0x0800011b   Thumb Code     0  startup_stm32f103xb.o(.text)
    __aeabi_memcpy                           0x08000125   Thumb Code    36  memcpya.o(.text)
    __aeabi_memcpy4                          0x08000125   Thumb Code     0  memcpya.o(.text)
    __aeabi_memcpy8                          0x08000125   Thumb Code     0  memcpya.o(.text)
    __aeabi_memset                           0x08000149   Thumb Code    14  memseta.o(.text)
    __aeabi_memset4                          0x08000149   Thumb Code     0  memseta.o(.text)
    __aeabi_memset8                          0x08000149   Thumb Code     0  memseta.o(.text)
    __aeabi_memclr                           0x08000157   Thumb Code     4  memseta.o(.text)
    __aeabi_memclr4                          0x08000157   Thumb Code     0  memseta.o(.text)
    __aeabi_memclr8                          0x08000157   Thumb Code     0  memseta.o(.text)
    _memset$wrapper                          0x0800015b   Thumb Code    18  memseta.o(.text)
    __scatterload                            0x0800016d   Thumb Code    28  init.o(.text)
    __scatterload_rt2                        0x0800016d   Thumb Code     0  init.o(.text)
    __decompress                             0x08000191   Thumb Code     0  __dczerorl2.o(.text)
    __decompress1                            0x08000191   Thumb Code    86  __dczerorl2.o(.text)
    BusFault_Handler                         0x080001e7   Thumb Code     4  stm32f1xx_it.o(i.BusFault_Handler)
    DEVICE_Init                              0x0800021d   Thumb Code    30  device.o(i.DEVICE_Init)
    DebugMon_Handler                         0x08000245   Thumb Code     2  stm32f1xx_it.o(i.DebugMon_Handler)
    Error_Handler                            0x08000247   Thumb Code     2  main.o(i.Error_Handler)
    HAL_GPIO_Init                            0x0800027d   Thumb Code   766  stm32f1xx_hal_gpio.o(i.HAL_GPIO_Init)
    HAL_GPIO_WritePin                        0x0800059d   Thumb Code    12  stm32f1xx_hal_gpio.o(i.HAL_GPIO_WritePin)
    HAL_GetTick                              0x080005a9   Thumb Code     6  stm32f1xx_hal.o(i.HAL_GetTick)
    HAL_IncTick                              0x080005b5   Thumb Code    16  stm32f1xx_hal.o(i.HAL_IncTick)
    HAL_Init                                 0x080005cd   Thumb Code    34  stm32f1xx_hal.o(i.HAL_Init)
    HAL_InitTick                             0x080005f5   Thumb Code    64  stm32f1xx_hal.o(i.HAL_InitTick)
    HAL_MspInit                              0x08000641   Thumb Code    76  stm32f1xx_hal_msp.o(i.HAL_MspInit)
    HAL_NVIC_EnableIRQ                       0x08000695   Thumb Code    32  stm32f1xx_hal_cortex.o(i.HAL_NVIC_EnableIRQ)
    HAL_NVIC_SetPriority                     0x080006b5   Thumb Code   124  stm32f1xx_hal_cortex.o(i.HAL_NVIC_SetPriority)
    HAL_NVIC_SetPriorityGrouping             0x08000731   Thumb Code    32  stm32f1xx_hal_cortex.o(i.HAL_NVIC_SetPriorityGrouping)
    HAL_PCDEx_PMAConfig                      0x08000759   Thumb Code    60  stm32f1xx_hal_pcd_ex.o(i.HAL_PCDEx_PMAConfig)
    HAL_PCDEx_SetConnectionState             0x08000795   Thumb Code     2  usbd_conf.o(i.HAL_PCDEx_SetConnectionState)
    HAL_PCD_DataInStageCallback              0x08000797   Thumb Code    28  usbd_conf.o(i.HAL_PCD_DataInStageCallback)
    HAL_PCD_DataOutStageCallback             0x080007b3   Thumb Code    28  usbd_conf.o(i.HAL_PCD_DataOutStageCallback)
    HAL_PCD_EP_Close                         0x080007cf   Thumb Code    98  stm32f1xx_hal_pcd.o(i.HAL_PCD_EP_Close)
    HAL_PCD_EP_ClrStall                      0x08000831   Thumb Code   116  stm32f1xx_hal_pcd.o(i.HAL_PCD_EP_ClrStall)
    HAL_PCD_EP_Open                          0x080008a5   Thumb Code   132  stm32f1xx_hal_pcd.o(i.HAL_PCD_EP_Open)
    HAL_PCD_EP_Receive                       0x08000929   Thumb Code    72  stm32f1xx_hal_pcd.o(i.HAL_PCD_EP_Receive)
    HAL_PCD_EP_SetStall                      0x08000971   Thumb Code   128  stm32f1xx_hal_pcd.o(i.HAL_PCD_EP_SetStall)
    HAL_PCD_EP_Transmit                      0x080009f1   Thumb Code    74  stm32f1xx_hal_pcd.o(i.HAL_PCD_EP_Transmit)
    HAL_PCD_IRQHandler                       0x08000a3b   Thumb Code   384  stm32f1xx_hal_pcd.o(i.HAL_PCD_IRQHandler)
    HAL_PCD_Init                             0x08000bbb   Thumb Code   302  stm32f1xx_hal_pcd.o(i.HAL_PCD_Init)
    HAL_PCD_MspInit                          0x08000ce9   Thumb Code    58  usbd_conf.o(i.HAL_PCD_MspInit)
    HAL_PCD_ResetCallback                    0x08000d2d   Thumb Code    36  usbd_conf.o(i.HAL_PCD_ResetCallback)
    HAL_PCD_ResumeCallback                   0x08000d51   Thumb Code    14  usbd_conf.o(i.HAL_PCD_ResumeCallback)
    HAL_PCD_SOFCallback                      0x08000d5f   Thumb Code    14  usbd_conf.o(i.HAL_PCD_SOFCallback)
    HAL_PCD_SetAddress                       0x08000d6d   Thumb Code    54  stm32f1xx_hal_pcd.o(i.HAL_PCD_SetAddress)
    HAL_PCD_SetupStageCallback               0x08000da3   Thumb Code    18  usbd_conf.o(i.HAL_PCD_SetupStageCallback)
    HAL_PCD_Start                            0x08000db5   Thumb Code    60  stm32f1xx_hal_pcd.o(i.HAL_PCD_Start)
    HAL_PCD_SuspendCallback                  0x08000df1   Thumb Code    30  usbd_conf.o(i.HAL_PCD_SuspendCallback)
    HAL_RCCEx_PeriphCLKConfig                0x08000e15   Thumb Code   290  stm32f1xx_hal_rcc_ex.o(i.HAL_RCCEx_PeriphCLKConfig)
    HAL_RCC_ClockConfig                      0x08000f45   Thumb Code   376  stm32f1xx_hal_rcc.o(i.HAL_RCC_ClockConfig)
    HAL_RCC_GetHCLKFreq                      0x080010d1   Thumb Code     6  stm32f1xx_hal_rcc.o(i.HAL_RCC_GetHCLKFreq)
    HAL_RCC_GetPCLK1Freq                     0x080010dd   Thumb Code    22  stm32f1xx_hal_rcc.o(i.HAL_RCC_GetPCLK1Freq)
    HAL_RCC_GetPCLK2Freq                     0x080010fd   Thumb Code    22  stm32f1xx_hal_rcc.o(i.HAL_RCC_GetPCLK2Freq)
    HAL_RCC_GetSysClockFreq                  0x0800111d   Thumb Code   116  stm32f1xx_hal_rcc.o(i.HAL_RCC_GetSysClockFreq)
    HAL_RCC_OscConfig                        0x080011b1   Thumb Code  1114  stm32f1xx_hal_rcc.o(i.HAL_RCC_OscConfig)
    HAL_SPI_Init                             0x08001615   Thumb Code   136  stm32f1xx_hal_spi.o(i.HAL_SPI_Init)
    HAL_SPI_MspInit                          0x0800169d   Thumb Code   120  stm32f1xx_hal_msp.o(i.HAL_SPI_MspInit)
    HAL_SYSTICK_Config                       0x08001721   Thumb Code    52  stm32f1xx_hal_cortex.o(i.HAL_SYSTICK_Config)
    HAL_UART_Init                            0x08001755   Thumb Code   114  stm32f1xx_hal_uart.o(i.HAL_UART_Init)
    HAL_UART_MspInit                         0x080017c9   Thumb Code   122  stm32f1xx_hal_msp.o(i.HAL_UART_MspInit)
    HardFault_Handler                        0x08001851   Thumb Code     4  stm32f1xx_it.o(i.HardFault_Handler)
    MX_USB_DEVICE_Init                       0x08001a15   Thumb Code    60  usb_device.o(i.MX_USB_DEVICE_Init)
    MemManage_Handler                        0x08001a61   Thumb Code     4  stm32f1xx_it.o(i.MemManage_Handler)
    NMI_Handler                              0x08001a65   Thumb Code     2  stm32f1xx_it.o(i.NMI_Handler)
    PendSV_Handler                           0x08001dff   Thumb Code     2  stm32f1xx_it.o(i.PendSV_Handler)
    SVC_Handler                              0x08001e29   Thumb Code     2  stm32f1xx_it.o(i.SVC_Handler)
    SysTick_Handler                          0x08001e2b   Thumb Code     8  stm32f1xx_it.o(i.SysTick_Handler)
    SystemClock_Config                       0x08001e33   Thumb Code   132  main.o(i.SystemClock_Config)
    SystemInit                               0x08001eb9   Thumb Code    70  system_stm32f1xx.o(i.SystemInit)
    USBD_CUSTOM_HID_RegisterInterface        0x080021fb   Thumb Code    14  usbd_customhid.o(i.USBD_CUSTOM_HID_RegisterInterface)
    USBD_CUSTOM_HID_SendReport               0x08002209   Thumb Code    58  usbd_customhid.o(i.USBD_CUSTOM_HID_SendReport)
    USBD_ClrClassConfig                      0x080023b9   Thumb Code    22  usbd_core.o(i.USBD_ClrClassConfig)
    USBD_CtlContinueRx                       0x0800240d   Thumb Code    24  usbd_ioreq.o(i.USBD_CtlContinueRx)
    USBD_CtlContinueSendData                 0x08002425   Thumb Code    24  usbd_ioreq.o(i.USBD_CtlContinueSendData)
    USBD_CtlError                            0x0800243d   Thumb Code    24  usbd_ctlreq.o(i.USBD_CtlError)
    USBD_CtlPrepareRx                        0x08002455   Thumb Code    40  usbd_ioreq.o(i.USBD_CtlPrepareRx)
    USBD_CtlReceiveStatus                    0x0800247d   Thumb Code    26  usbd_ioreq.o(i.USBD_CtlReceiveStatus)
    USBD_CtlSendData                         0x08002497   Thumb Code    34  usbd_ioreq.o(i.USBD_CtlSendData)
    USBD_CtlSendStatus                       0x080024b9   Thumb Code    26  usbd_ioreq.o(i.USBD_CtlSendStatus)
    USBD_FS_ConfigStrDescriptor              0x080024d5   Thumb Code    34  usbd_desc.o(i.USBD_FS_ConfigStrDescriptor)
    USBD_FS_DeviceDescriptor                 0x08002511   Thumb Code    10  usbd_desc.o(i.USBD_FS_DeviceDescriptor)
    USBD_FS_InterfaceStrDescriptor           0x08002521   Thumb Code    34  usbd_desc.o(i.USBD_FS_InterfaceStrDescriptor)
    USBD_FS_LangIDStrDescriptor              0x08002561   Thumb Code    10  usbd_desc.o(i.USBD_FS_LangIDStrDescriptor)
    USBD_FS_ManufacturerStrDescriptor        0x08002571   Thumb Code    20  usbd_desc.o(i.USBD_FS_ManufacturerStrDescriptor)
    USBD_FS_ProductStrDescriptor             0x0800259d   Thumb Code    34  usbd_desc.o(i.USBD_FS_ProductStrDescriptor)
    USBD_FS_SerialStrDescriptor              0x080025e5   Thumb Code    18  usbd_desc.o(i.USBD_FS_SerialStrDescriptor)
    USBD_GetString                           0x080028b5   Thumb Code    82  usbd_ctlreq.o(i.USBD_GetString)
    USBD_HID0_GetReport                      0x08002935   Thumb Code   128  usbd_user_hid_0.o(i.USBD_HID0_GetReport)
    USBD_HID0_Initialize                     0x080029c9   Thumb Code    42  usbd_user_hid_0.o(i.USBD_HID0_Initialize)
    USBD_HID0_SetReport                      0x08002a19   Thumb Code   142  usbd_user_hid_0.o(i.USBD_HID0_SetReport)
    USBD_HID0_Uninitialize                   0x08002ac1   Thumb Code     2  usbd_user_hid_0.o(i.USBD_HID0_Uninitialize)
    USBD_HID_GetReportTrigger                0x08002ac5   Thumb Code    26  device.o(i.USBD_HID_GetReportTrigger)
    USBD_InEvent                             0x08002ae5   Thumb Code    38  device.o(i.USBD_InEvent)
    USBD_Init                                0x08002b11   Thumb Code    50  usbd_core.o(i.USBD_Init)
    USBD_LL_ClearStallEP                     0x08002b43   Thumb Code    38  usbd_conf.o(i.USBD_LL_ClearStallEP)
    USBD_LL_CloseEP                          0x08002b69   Thumb Code    38  usbd_conf.o(i.USBD_LL_CloseEP)
    USBD_LL_DataInStage                      0x08002b8f   Thumb Code   256  usbd_core.o(i.USBD_LL_DataInStage)
    USBD_LL_DataOutStage                     0x08002c8f   Thumb Code   166  usbd_core.o(i.USBD_LL_DataOutStage)
    USBD_LL_Init                             0x08002d35   Thumb Code   108  usbd_conf.o(i.USBD_LL_Init)
    USBD_LL_IsStallEP                        0x08002da9   Thumb Code    48  usbd_conf.o(i.USBD_LL_IsStallEP)
    USBD_LL_OpenEP                           0x08002dd9   Thumb Code    48  usbd_conf.o(i.USBD_LL_OpenEP)
    USBD_LL_PrepareReceive                   0x08002e09   Thumb Code    48  usbd_conf.o(i.USBD_LL_PrepareReceive)
    USBD_LL_Reset                            0x08002e39   Thumb Code    92  usbd_core.o(i.USBD_LL_Reset)
    USBD_LL_Resume                           0x08002e95   Thumb Code    22  usbd_core.o(i.USBD_LL_Resume)
    USBD_LL_SOF                              0x08002eab   Thumb Code    34  usbd_core.o(i.USBD_LL_SOF)
    USBD_LL_SetSpeed                         0x08002ecd   Thumb Code     8  usbd_core.o(i.USBD_LL_SetSpeed)
    USBD_LL_SetUSBAddress                    0x08002ed5   Thumb Code    38  usbd_conf.o(i.USBD_LL_SetUSBAddress)
    USBD_LL_SetupStage                       0x08002efb   Thumb Code   110  usbd_core.o(i.USBD_LL_SetupStage)
    USBD_LL_StallEP                          0x08002f69   Thumb Code    38  usbd_conf.o(i.USBD_LL_StallEP)
    USBD_LL_Start                            0x08002f8f   Thumb Code    30  usbd_conf.o(i.USBD_LL_Start)
    USBD_LL_Suspend                          0x08002fad   Thumb Code    20  usbd_core.o(i.USBD_LL_Suspend)
    USBD_LL_Transmit                         0x08002fc1   Thumb Code    48  usbd_conf.o(i.USBD_LL_Transmit)
    USBD_OutEvent                            0x08002ff1   Thumb Code    26  device.o(i.USBD_OutEvent)
    USBD_ParseSetupRequest                   0x08003011   Thumb Code    40  usbd_ctlreq.o(i.USBD_ParseSetupRequest)
    USBD_RegisterClass                       0x08003039   Thumb Code    16  usbd_core.o(i.USBD_RegisterClass)
    USBD_RunTestMode                         0x08003049   Thumb Code     6  usbd_core.o(i.USBD_RunTestMode)
    USBD_SetClassConfig                      0x080030a9   Thumb Code    34  usbd_core.o(i.USBD_SetClassConfig)
    USBD_Start                               0x080031cd   Thumb Code    14  usbd_core.o(i.USBD_Start)
    USBD_StdDevReq                           0x080031db   Thumb Code   162  usbd_ctlreq.o(i.USBD_StdDevReq)
    USBD_StdEPReq                            0x0800327d   Thumb Code   568  usbd_ctlreq.o(i.USBD_StdEPReq)
    USBD_StdItfReq                           0x080034b5   Thumb Code   126  usbd_ctlreq.o(i.USBD_StdItfReq)
    USBD_static_free                         0x08003533   Thumb Code     2  usbd_conf.o(i.USBD_static_free)
    USBD_static_malloc                       0x08003535   Thumb Code     6  usbd_conf.o(i.USBD_static_malloc)
    USB_ActivateEndpoint                     0x08003541   Thumb Code  1174  stm32f1xx_ll_usb.o(i.USB_ActivateEndpoint)
    USB_CoreInit                             0x080039d7   Thumb Code     8  stm32f1xx_ll_usb.o(i.USB_CoreInit)
    USB_DeactivateEndpoint                   0x080039df   Thumb Code   636  stm32f1xx_ll_usb.o(i.USB_DeactivateEndpoint)
    USB_DevConnect                           0x08003c5b   Thumb Code     6  stm32f1xx_ll_usb.o(i.USB_DevConnect)
    USB_DevDisconnect                        0x08003c61   Thumb Code     6  stm32f1xx_ll_usb.o(i.USB_DevDisconnect)
    USB_DevInit                              0x08003c67   Thumb Code    30  stm32f1xx_ll_usb.o(i.USB_DevInit)
    USB_DisableGlobalInt                     0x08003c85   Thumb Code    20  stm32f1xx_ll_usb.o(i.USB_DisableGlobalInt)
    USB_EP0_OutStart                         0x08003c99   Thumb Code     6  stm32f1xx_ll_usb.o(i.USB_EP0_OutStart)
    USB_EPClearStall                         0x08003c9f   Thumb Code   218  stm32f1xx_ll_usb.o(i.USB_EPClearStall)
    USB_EPSetStall                           0x08003d79   Thumb Code    92  stm32f1xx_ll_usb.o(i.USB_EPSetStall)
    USB_EPStartXfer                          0x08003dd5   Thumb Code  1108  stm32f1xx_ll_usb.o(i.USB_EPStartXfer)
    USB_EnableGlobalInt                      0x08004229   Thumb Code    20  stm32f1xx_ll_usb.o(i.USB_EnableGlobalInt)
    USB_LP_CAN1_RX0_IRQHandler               0x0800423d   Thumb Code    10  stm32f1xx_it.o(i.USB_LP_CAN1_RX0_IRQHandler)
    USB_ReadInterrupts                       0x0800424d   Thumb Code     8  stm32f1xx_ll_usb.o(i.USB_ReadInterrupts)
    USB_ReadPMA                              0x08004255   Thumb Code    74  stm32f1xx_ll_usb.o(i.USB_ReadPMA)
    USB_SetCurrentMode                       0x0800429f   Thumb Code     6  stm32f1xx_ll_usb.o(i.USB_SetCurrentMode)
    USB_SetDevAddress                        0x080042a5   Thumb Code    14  stm32f1xx_ll_usb.o(i.USB_SetDevAddress)
    USB_WritePMA                             0x080042b3   Thumb Code    66  stm32f1xx_ll_usb.o(i.USB_WritePMA)
    UsageFault_Handler                       0x080042f5   Thumb Code     4  stm32f1xx_it.o(i.UsageFault_Handler)
    __scatterload_copy                       0x08004331   Thumb Code    14  handlers.o(i.__scatterload_copy)
    __scatterload_null                       0x0800433f   Thumb Code     2  handlers.o(i.__scatterload_null)
    __scatterload_zeroinit                   0x08004341   Thumb Code    14  handlers.o(i.__scatterload_zeroinit)
    main                                     0x0800434f   Thumb Code    32  main.o(i.main)
    osThreadFlagsSet                         0x08004371   Thumb Code    12  device.o(i.osThreadFlagsSet)
    AHBPrescTable                            0x08004380   Data          16  system_stm32f1xx.o(.constdata)
    APBPrescTable                            0x08004390   Data           8  system_stm32f1xx.o(.constdata)
    Region$$Table$$Base                      0x08004398   Number         0  anon$$obj.o(Region$$Table)
    Region$$Table$$Limit                     0x080043b8   Number         0  anon$$obj.o(Region$$Table)
    DAP_ThreadId                             0x20000000   Data           4  main.o(.data)
    FS_Desc                                  0x20000004   Data          28  usbd_desc.o(.data)
    USBD_FS_DeviceDesc                       0x20000020   Data          18  usbd_desc.o(.data)
    USBD_LangIDDesc                          0x20000034   Data           4  usbd_desc.o(.data)
    USBD_StringSerial                        0x20000038   Data          26  usbd_desc.o(.data)
    USBD_CustomHID_fops_FS                   0x20000074   Data          20  usbd_custom_hid_if.o(.data)
    uwTick                                   0x20000088   Data           4  stm32f1xx_hal.o(.data)
    uwTickPrio                               0x2000008c   Data           4  stm32f1xx_hal.o(.data)
    uwTickFreq                               0x20000090   Data           1  stm32f1xx_hal.o(.data)
    SystemCoreClock                          0x20000094   Data           4  system_stm32f1xx.o(.data)
    USBD_CUSTOM_HID                          0x2000009c   Data          56  usbd_customhid.o(.data)
    DAP_TransferAbort                        0x2000016e   Data           1  dap.o(.data)
    hspi1                                    0x20000188   Data          88  main.o(.bss)
    huart1                                   0x200001e0   Data          64  main.o(.bss)
    hUsbDeviceFS                             0x20000220   Data         708  usb_device.o(.bss)
    hpcd_USB_FS                              0x200004e4   Data         620  usbd_conf.o(.bss)
    USBD_StrDesc                             0x200007a8   Data         512  usbd_desc.o(.bss)
    __initial_sp                             0x200011a8   Data           0  startup_stm32f103xb.o(STACK)



==============================================================================

Memory Map of the image

  Image Entry point : 0x080000ed

  Load Region LR_IROM1 (Base: 0x08000000, Size: 0x00004540, Max: 0x00010000, ABSOLUTE, COMPRESSED[0x00004480])

    Execution Region ER_IROM1 (Exec base: 0x08000000, Load base: 0x08000000, Size: 0x000043b8, Max: 0x00010000, ABSOLUTE)

    Exec Addr    Load Addr    Size         Type   Attr      Idx    E Section Name        Object

    0x08000000   0x08000000   0x000000ec   Data   RO            3    RESET               startup_stm32f103xb.o
    0x080000ec   0x080000ec   0x00000000   Code   RO         3859  * .ARM.Collect$$$$00000000  mc_w.l(entry.o)
    0x080000ec   0x080000ec   0x00000004   Code   RO         3870    .ARM.Collect$$$$00000001  mc_w.l(entry2.o)
    0x080000f0   0x080000f0   0x00000004   Code   RO         3873    .ARM.Collect$$$$00000004  mc_w.l(entry5.o)
    0x080000f4   0x080000f4   0x00000000   Code   RO         3875    .ARM.Collect$$$$00000008  mc_w.l(entry7b.o)
    0x080000f4   0x080000f4   0x00000000   Code   RO         3877    .ARM.Collect$$$$0000000A  mc_w.l(entry8b.o)
    0x080000f4   0x080000f4   0x00000008   Code   RO         3878    .ARM.Collect$$$$0000000B  mc_w.l(entry9a.o)
    0x080000fc   0x080000fc   0x00000000   Code   RO         3880    .ARM.Collect$$$$0000000D  mc_w.l(entry10a.o)
    0x080000fc   0x080000fc   0x00000000   Code   RO         3882    .ARM.Collect$$$$0000000F  mc_w.l(entry11a.o)
    0x080000fc   0x080000fc   0x00000004   Code   RO         3871    .ARM.Collect$$$$00002712  mc_w.l(entry2.o)
    0x08000100   0x08000100   0x00000024   Code   RO            4    .text               startup_stm32f103xb.o
    0x08000124   0x08000124   0x00000024   Code   RO         3864    .text               mc_w.l(memcpya.o)
    0x08000148   0x08000148   0x00000024   Code   RO         3866    .text               mc_w.l(memseta.o)
    0x0800016c   0x0800016c   0x00000024   Code   RO         3884    .text               mc_w.l(init.o)
    0x08000190   0x08000190   0x00000056   Code   RO         3894    .text               mc_w.l(__dczerorl2.o)
    0x080001e6   0x080001e6   0x00000004   Code   RO          609    i.BusFault_Handler  stm32f1xx_it.o
    0x080001ea   0x080001ea   0x0000000a   Code   RO          564    i.CUSTOM_HID_DeInit_FS  usbd_custom_hid_if.o
    0x080001f4   0x080001f4   0x0000000e   Code   RO          565    i.CUSTOM_HID_InEvent_FS  usbd_custom_hid_if.o
    0x08000202   0x08000202   0x0000000a   Code   RO          566    i.CUSTOM_HID_Init_FS  usbd_custom_hid_if.o
    0x0800020c   0x0800020c   0x0000000e   Code   RO          567    i.CUSTOM_HID_OutEvent_FS  usbd_custom_hid_if.o
    0x0800021a   0x0800021a   0x00000002   PAD
    0x0800021c   0x0800021c   0x00000028   Code   RO         3720    i.DEVICE_Init       device.o
    0x08000244   0x08000244   0x00000002   Code   RO          610    i.DebugMon_Handler  stm32f1xx_it.o
    0x08000246   0x08000246   0x00000002   Code   RO           13    i.Error_Handler     main.o
    0x08000248   0x08000248   0x00000034   Code   RO          474    i.Get_SerialNum     usbd_desc.o
    0x0800027c   0x0800027c   0x00000320   Code   RO         1550    i.HAL_GPIO_Init     stm32f1xx_hal_gpio.o
    0x0800059c   0x0800059c   0x0000000c   Code   RO         1554    i.HAL_GPIO_WritePin  stm32f1xx_hal_gpio.o
    0x080005a8   0x080005a8   0x0000000c   Code   RO         1241    i.HAL_GetTick       stm32f1xx_hal.o
    0x080005b4   0x080005b4   0x00000018   Code   RO         1247    i.HAL_IncTick       stm32f1xx_hal.o
    0x080005cc   0x080005cc   0x00000028   Code   RO         1248    i.HAL_Init          stm32f1xx_hal.o
    0x080005f4   0x080005f4   0x0000004c   Code   RO         1249    i.HAL_InitTick      stm32f1xx_hal.o
    0x08000640   0x08000640   0x00000054   Code   RO          691    i.HAL_MspInit       stm32f1xx_hal_msp.o
    0x08000694   0x08000694   0x00000020   Code   RO         1710    i.HAL_NVIC_EnableIRQ  stm32f1xx_hal_cortex.o
    0x080006b4   0x080006b4   0x0000007c   Code   RO         1716    i.HAL_NVIC_SetPriority  stm32f1xx_hal_cortex.o
    0x08000730   0x08000730   0x00000028   Code   RO         1717    i.HAL_NVIC_SetPriorityGrouping  stm32f1xx_hal_cortex.o
    0x08000758   0x08000758   0x0000003c   Code   RO          992    i.HAL_PCDEx_PMAConfig  stm32f1xx_hal_pcd_ex.o
    0x08000794   0x08000794   0x00000002   Code   RO          262    i.HAL_PCDEx_SetConnectionState  usbd_conf.o
    0x08000796   0x08000796   0x0000001c   Code   RO          264    i.HAL_PCD_DataInStageCallback  usbd_conf.o
    0x080007b2   0x080007b2   0x0000001c   Code   RO          265    i.HAL_PCD_DataOutStageCallback  usbd_conf.o
    0x080007ce   0x080007ce   0x00000062   Code   RO          784    i.HAL_PCD_EP_Close  stm32f1xx_hal_pcd.o
    0x08000830   0x08000830   0x00000074   Code   RO          785    i.HAL_PCD_EP_ClrStall  stm32f1xx_hal_pcd.o
    0x080008a4   0x080008a4   0x00000084   Code   RO          788    i.HAL_PCD_EP_Open   stm32f1xx_hal_pcd.o
    0x08000928   0x08000928   0x00000048   Code   RO          789    i.HAL_PCD_EP_Receive  stm32f1xx_hal_pcd.o
    0x08000970   0x08000970   0x00000080   Code   RO          790    i.HAL_PCD_EP_SetStall  stm32f1xx_hal_pcd.o
    0x080009f0   0x080009f0   0x0000004a   Code   RO          791    i.HAL_PCD_EP_Transmit  stm32f1xx_hal_pcd.o
    0x08000a3a   0x08000a3a   0x00000180   Code   RO          793    i.HAL_PCD_IRQHandler  stm32f1xx_hal_pcd.o
    0x08000bba   0x08000bba   0x0000012e   Code   RO          796    i.HAL_PCD_Init      stm32f1xx_hal_pcd.o
    0x08000ce8   0x08000ce8   0x00000044   Code   RO          270    i.HAL_PCD_MspInit   usbd_conf.o
    0x08000d2c   0x08000d2c   0x00000024   Code   RO          271    i.HAL_PCD_ResetCallback  usbd_conf.o
    0x08000d50   0x08000d50   0x0000000e   Code   RO          272    i.HAL_PCD_ResumeCallback  usbd_conf.o
    0x08000d5e   0x08000d5e   0x0000000e   Code   RO          273    i.HAL_PCD_SOFCallback  usbd_conf.o
    0x08000d6c   0x08000d6c   0x00000036   Code   RO          802    i.HAL_PCD_SetAddress  stm32f1xx_hal_pcd.o
    0x08000da2   0x08000da2   0x00000012   Code   RO          274    i.HAL_PCD_SetupStageCallback  usbd_conf.o
    0x08000db4   0x08000db4   0x0000003c   Code   RO          804    i.HAL_PCD_Start     stm32f1xx_hal_pcd.o
    0x08000df0   0x08000df0   0x00000024   Code   RO          275    i.HAL_PCD_SuspendCallback  usbd_conf.o
    0x08000e14   0x08000e14   0x00000130   Code   RO         1513    i.HAL_RCCEx_PeriphCLKConfig  stm32f1xx_hal_rcc_ex.o
    0x08000f44   0x08000f44   0x0000018c   Code   RO         1405    i.HAL_RCC_ClockConfig  stm32f1xx_hal_rcc.o
    0x080010d0   0x080010d0   0x0000000c   Code   RO         1410    i.HAL_RCC_GetHCLKFreq  stm32f1xx_hal_rcc.o
    0x080010dc   0x080010dc   0x00000020   Code   RO         1412    i.HAL_RCC_GetPCLK1Freq  stm32f1xx_hal_rcc.o
    0x080010fc   0x080010fc   0x00000020   Code   RO         1413    i.HAL_RCC_GetPCLK2Freq  stm32f1xx_hal_rcc.o
    0x0800111c   0x0800111c   0x00000094   Code   RO         1414    i.HAL_RCC_GetSysClockFreq  stm32f1xx_hal_rcc.o
    0x080011b0   0x080011b0   0x00000464   Code   RO         1417    i.HAL_RCC_OscConfig  stm32f1xx_hal_rcc.o
    0x08001614   0x08001614   0x00000088   Code   RO         2247    i.HAL_SPI_Init      stm32f1xx_hal_spi.o
    0x0800169c   0x0800169c   0x00000084   Code   RO          693    i.HAL_SPI_MspInit   stm32f1xx_hal_msp.o
    0x08001720   0x08001720   0x00000034   Code   RO         1721    i.HAL_SYSTICK_Config  stm32f1xx_hal_cortex.o
    0x08001754   0x08001754   0x00000072   Code   RO         2619    i.HAL_UART_Init     stm32f1xx_hal_uart.o
    0x080017c6   0x080017c6   0x00000002   PAD
    0x080017c8   0x080017c8   0x00000088   Code   RO          695    i.HAL_UART_MspInit  stm32f1xx_hal_msp.o
    0x08001850   0x08001850   0x00000004   Code   RO          611    i.HardFault_Handler  stm32f1xx_it.o
    0x08001854   0x08001854   0x0000003e   Code   RO          475    i.IntToUnicode      usbd_desc.o
    0x08001892   0x08001892   0x00000002   PAD
    0x08001894   0x08001894   0x00000104   Code   RO           15    i.MX_GPIO_Init      main.o
    0x08001998   0x08001998   0x00000044   Code   RO           16    i.MX_SPI1_Init      main.o
    0x080019dc   0x080019dc   0x00000038   Code   RO           17    i.MX_USART1_UART_Init  main.o
    0x08001a14   0x08001a14   0x0000004c   Code   RO          227    i.MX_USB_DEVICE_Init  usb_device.o
    0x08001a60   0x08001a60   0x00000004   Code   RO          612    i.MemManage_Handler  stm32f1xx_it.o
    0x08001a64   0x08001a64   0x00000002   Code   RO          613    i.NMI_Handler       stm32f1xx_it.o
    0x08001a66   0x08001a66   0x00000398   Code   RO          807    i.PCD_EP_ISR_Handler  stm32f1xx_hal_pcd.o
    0x08001dfe   0x08001dfe   0x00000002   Code   RO          614    i.PendSV_Handler    stm32f1xx_it.o
    0x08001e00   0x08001e00   0x00000028   Code   RO         1418    i.RCC_Delay         stm32f1xx_hal_rcc.o
    0x08001e28   0x08001e28   0x00000002   Code   RO          615    i.SVC_Handler       stm32f1xx_it.o
    0x08001e2a   0x08001e2a   0x00000008   Code   RO          616    i.SysTick_Handler   stm32f1xx_it.o
    0x08001e32   0x08001e32   0x00000084   Code   RO           18    i.SystemClock_Config  main.o
    0x08001eb6   0x08001eb6   0x00000002   PAD
    0x08001eb8   0x08001eb8   0x00000058   Code   RO         2926    i.SystemInit        system_stm32f1xx.o
    0x08001f10   0x08001f10   0x000001a0   Code   RO         2646    i.UART_SetConfig    stm32f1xx_hal_uart.o
    0x080020b0   0x080020b0   0x00000020   Code   RO         3255    i.USBD_CUSTOM_HID_DataIn  usbd_customhid.o
    0x080020d0   0x080020d0   0x00000026   Code   RO         3256    i.USBD_CUSTOM_HID_DataOut  usbd_customhid.o
    0x080020f6   0x080020f6   0x00000040   Code   RO         3257    i.USBD_CUSTOM_HID_DeInit  usbd_customhid.o
    0x08002136   0x08002136   0x00000022   Code   RO         3258    i.USBD_CUSTOM_HID_EP0_RxReady  usbd_customhid.o
    0x08002158   0x08002158   0x00000010   Code   RO         3259    i.USBD_CUSTOM_HID_GetDeviceQualifierDesc  usbd_customhid.o
    0x08002168   0x08002168   0x00000010   Code   RO         3260    i.USBD_CUSTOM_HID_GetFSCfgDesc  usbd_customhid.o
    0x08002178   0x08002178   0x00000010   Code   RO         3261    i.USBD_CUSTOM_HID_GetHSCfgDesc  usbd_customhid.o
    0x08002188   0x08002188   0x00000010   Code   RO         3262    i.USBD_CUSTOM_HID_GetOtherSpeedCfgDesc  usbd_customhid.o
    0x08002198   0x08002198   0x00000062   Code   RO         3263    i.USBD_CUSTOM_HID_Init  usbd_customhid.o
    0x080021fa   0x080021fa   0x0000000e   Code   RO         3264    i.USBD_CUSTOM_HID_RegisterInterface  usbd_customhid.o
    0x08002208   0x08002208   0x0000003a   Code   RO         3265    i.USBD_CUSTOM_HID_SendReport  usbd_customhid.o
    0x08002242   0x08002242   0x00000002   PAD
    0x08002244   0x08002244   0x00000174   Code   RO         3266    i.USBD_CUSTOM_HID_Setup  usbd_customhid.o
    0x080023b8   0x080023b8   0x00000016   Code   RO         2962    i.USBD_ClrClassConfig  usbd_core.o
    0x080023ce   0x080023ce   0x0000003e   Code   RO         3100    i.USBD_ClrFeature   usbd_ctlreq.o
    0x0800240c   0x0800240c   0x00000018   Code   RO         3195    i.USBD_CtlContinueRx  usbd_ioreq.o
    0x08002424   0x08002424   0x00000018   Code   RO         3196    i.USBD_CtlContinueSendData  usbd_ioreq.o
    0x0800243c   0x0800243c   0x00000018   Code   RO         3101    i.USBD_CtlError     usbd_ctlreq.o
    0x08002454   0x08002454   0x00000028   Code   RO         3197    i.USBD_CtlPrepareRx  usbd_ioreq.o
    0x0800247c   0x0800247c   0x0000001a   Code   RO         3198    i.USBD_CtlReceiveStatus  usbd_ioreq.o
    0x08002496   0x08002496   0x00000022   Code   RO         3199    i.USBD_CtlSendData  usbd_ioreq.o
    0x080024b8   0x080024b8   0x0000001a   Code   RO         3200    i.USBD_CtlSendStatus  usbd_ioreq.o
    0x080024d2   0x080024d2   0x00000002   PAD
    0x080024d4   0x080024d4   0x0000003c   Code   RO          476    i.USBD_FS_ConfigStrDescriptor  usbd_desc.o
    0x08002510   0x08002510   0x00000010   Code   RO          477    i.USBD_FS_DeviceDescriptor  usbd_desc.o
    0x08002520   0x08002520   0x00000040   Code   RO          478    i.USBD_FS_InterfaceStrDescriptor  usbd_desc.o
    0x08002560   0x08002560   0x00000010   Code   RO          479    i.USBD_FS_LangIDStrDescriptor  usbd_desc.o
    0x08002570   0x08002570   0x0000002c   Code   RO          480    i.USBD_FS_ManufacturerStrDescriptor  usbd_desc.o
    0x0800259c   0x0800259c   0x00000048   Code   RO          481    i.USBD_FS_ProductStrDescriptor  usbd_desc.o
    0x080025e4   0x080025e4   0x00000018   Code   RO          482    i.USBD_FS_SerialStrDescriptor  usbd_desc.o
    0x080025fc   0x080025fc   0x00000056   Code   RO         3102    i.USBD_GetConfig    usbd_ctlreq.o
    0x08002652   0x08002652   0x000001f4   Code   RO         3103    i.USBD_GetDescriptor  usbd_ctlreq.o
    0x08002846   0x08002846   0x00000014   Code   RO         3104    i.USBD_GetLen       usbd_ctlreq.o
    0x0800285a   0x0800285a   0x0000005a   Code   RO         3105    i.USBD_GetStatus    usbd_ctlreq.o
    0x080028b4   0x080028b4   0x00000052   Code   RO         3106    i.USBD_GetString    usbd_ctlreq.o
    0x08002906   0x08002906   0x0000002c   Code   RO          276    i.USBD_Get_USB_Status  usbd_conf.o
    0x08002932   0x08002932   0x00000002   PAD
    0x08002934   0x08002934   0x00000094   Code   RO         3808    i.USBD_HID0_GetReport  usbd_user_hid_0.o
    0x080029c8   0x080029c8   0x00000050   Code   RO         3809    i.USBD_HID0_Initialize  usbd_user_hid_0.o
    0x08002a18   0x08002a18   0x000000a8   Code   RO         3810    i.USBD_HID0_SetReport  usbd_user_hid_0.o
    0x08002ac0   0x08002ac0   0x00000002   Code   RO         3811    i.USBD_HID0_Uninitialize  usbd_user_hid_0.o
    0x08002ac2   0x08002ac2   0x00000002   PAD
    0x08002ac4   0x08002ac4   0x00000020   Code   RO         3723    i.USBD_HID_GetReportTrigger  device.o
    0x08002ae4   0x08002ae4   0x0000002c   Code   RO         3724    i.USBD_InEvent      device.o
    0x08002b10   0x08002b10   0x00000032   Code   RO         2964    i.USBD_Init         usbd_core.o
    0x08002b42   0x08002b42   0x00000026   Code   RO          277    i.USBD_LL_ClearStallEP  usbd_conf.o
    0x08002b68   0x08002b68   0x00000026   Code   RO          278    i.USBD_LL_CloseEP   usbd_conf.o
    0x08002b8e   0x08002b8e   0x00000100   Code   RO         2965    i.USBD_LL_DataInStage  usbd_core.o
    0x08002c8e   0x08002c8e   0x000000a6   Code   RO         2966    i.USBD_LL_DataOutStage  usbd_core.o
    0x08002d34   0x08002d34   0x00000074   Code   RO          283    i.USBD_LL_Init      usbd_conf.o
    0x08002da8   0x08002da8   0x00000030   Code   RO          284    i.USBD_LL_IsStallEP  usbd_conf.o
    0x08002dd8   0x08002dd8   0x00000030   Code   RO          285    i.USBD_LL_OpenEP    usbd_conf.o
    0x08002e08   0x08002e08   0x00000030   Code   RO          286    i.USBD_LL_PrepareReceive  usbd_conf.o
    0x08002e38   0x08002e38   0x0000005c   Code   RO         2971    i.USBD_LL_Reset     usbd_core.o
    0x08002e94   0x08002e94   0x00000016   Code   RO         2972    i.USBD_LL_Resume    usbd_core.o
    0x08002eaa   0x08002eaa   0x00000022   Code   RO         2973    i.USBD_LL_SOF       usbd_core.o
    0x08002ecc   0x08002ecc   0x00000008   Code   RO         2974    i.USBD_LL_SetSpeed  usbd_core.o
    0x08002ed4   0x08002ed4   0x00000026   Code   RO          287    i.USBD_LL_SetUSBAddress  usbd_conf.o
    0x08002efa   0x08002efa   0x0000006e   Code   RO         2975    i.USBD_LL_SetupStage  usbd_core.o
    0x08002f68   0x08002f68   0x00000026   Code   RO          288    i.USBD_LL_StallEP   usbd_conf.o
    0x08002f8e   0x08002f8e   0x0000001e   Code   RO          289    i.USBD_LL_Start     usbd_conf.o
    0x08002fac   0x08002fac   0x00000014   Code   RO         2976    i.USBD_LL_Suspend   usbd_core.o
    0x08002fc0   0x08002fc0   0x00000030   Code   RO          291    i.USBD_LL_Transmit  usbd_conf.o
    0x08002ff0   0x08002ff0   0x00000020   Code   RO         3726    i.USBD_OutEvent     device.o
    0x08003010   0x08003010   0x00000028   Code   RO         3107    i.USBD_ParseSetupRequest  usbd_ctlreq.o
    0x08003038   0x08003038   0x00000010   Code   RO         2977    i.USBD_RegisterClass  usbd_core.o
    0x08003048   0x08003048   0x00000006   Code   RO         2978    i.USBD_RunTestMode  usbd_core.o
    0x0800304e   0x0800304e   0x0000005a   Code   RO         3108    i.USBD_SetAddress   usbd_ctlreq.o
    0x080030a8   0x080030a8   0x00000022   Code   RO         2979    i.USBD_SetClassConfig  usbd_core.o
    0x080030ca   0x080030ca   0x00000002   PAD
    0x080030cc   0x080030cc   0x000000e8   Code   RO         3109    i.USBD_SetConfig    usbd_ctlreq.o
    0x080031b4   0x080031b4   0x00000018   Code   RO         3110    i.USBD_SetFeature   usbd_ctlreq.o
    0x080031cc   0x080031cc   0x0000000e   Code   RO         2980    i.USBD_Start        usbd_core.o
    0x080031da   0x080031da   0x000000a2   Code   RO         3111    i.USBD_StdDevReq    usbd_ctlreq.o
    0x0800327c   0x0800327c   0x00000238   Code   RO         3112    i.USBD_StdEPReq     usbd_ctlreq.o
    0x080034b4   0x080034b4   0x0000007e   Code   RO         3113    i.USBD_StdItfReq    usbd_ctlreq.o
    0x08003532   0x08003532   0x00000002   Code   RO          292    i.USBD_static_free  usbd_conf.o
    0x08003534   0x08003534   0x0000000c   Code   RO          293    i.USBD_static_malloc  usbd_conf.o
    0x08003540   0x08003540   0x00000496   Code   RO         1032    i.USB_ActivateEndpoint  stm32f1xx_ll_usb.o
    0x080039d6   0x080039d6   0x00000008   Code   RO         1035    i.USB_CoreInit      stm32f1xx_ll_usb.o
    0x080039de   0x080039de   0x0000027c   Code   RO         1037    i.USB_DeactivateEndpoint  stm32f1xx_ll_usb.o
    0x08003c5a   0x08003c5a   0x00000006   Code   RO         1038    i.USB_DevConnect    stm32f1xx_ll_usb.o
    0x08003c60   0x08003c60   0x00000006   Code   RO         1039    i.USB_DevDisconnect  stm32f1xx_ll_usb.o
    0x08003c66   0x08003c66   0x0000001e   Code   RO         1040    i.USB_DevInit       stm32f1xx_ll_usb.o
    0x08003c84   0x08003c84   0x00000014   Code   RO         1041    i.USB_DisableGlobalInt  stm32f1xx_ll_usb.o
    0x08003c98   0x08003c98   0x00000006   Code   RO         1042    i.USB_EP0_OutStart  stm32f1xx_ll_usb.o
    0x08003c9e   0x08003c9e   0x000000da   Code   RO         1043    i.USB_EPClearStall  stm32f1xx_ll_usb.o
    0x08003d78   0x08003d78   0x0000005c   Code   RO         1044    i.USB_EPSetStall    stm32f1xx_ll_usb.o
    0x08003dd4   0x08003dd4   0x00000454   Code   RO         1045    i.USB_EPStartXfer   stm32f1xx_ll_usb.o
    0x08004228   0x08004228   0x00000014   Code   RO         1046    i.USB_EnableGlobalInt  stm32f1xx_ll_usb.o
    0x0800423c   0x0800423c   0x00000010   Code   RO          617    i.USB_LP_CAN1_RX0_IRQHandler  stm32f1xx_it.o
    0x0800424c   0x0800424c   0x00000008   Code   RO         1053    i.USB_ReadInterrupts  stm32f1xx_ll_usb.o
    0x08004254   0x08004254   0x0000004a   Code   RO         1054    i.USB_ReadPMA       stm32f1xx_ll_usb.o
    0x0800429e   0x0800429e   0x00000006   Code   RO         1056    i.USB_SetCurrentMode  stm32f1xx_ll_usb.o
    0x080042a4   0x080042a4   0x0000000e   Code   RO         1057    i.USB_SetDevAddress  stm32f1xx_ll_usb.o
    0x080042b2   0x080042b2   0x00000042   Code   RO         1060    i.USB_WritePMA      stm32f1xx_ll_usb.o
    0x080042f4   0x080042f4   0x00000004   Code   RO          618    i.UsageFault_Handler  stm32f1xx_it.o
    0x080042f8   0x080042f8   0x00000010   Code   RO         1723    i.__NVIC_GetPriorityGrouping  stm32f1xx_hal_cortex.o
    0x08004308   0x08004308   0x00000028   Code   RO         1724    i.__NVIC_SetPriority  stm32f1xx_hal_cortex.o
    0x08004330   0x08004330   0x0000000e   Code   RO         3888    i.__scatterload_copy  mc_w.l(handlers.o)
    0x0800433e   0x0800433e   0x00000002   Code   RO         3889    i.__scatterload_null  mc_w.l(handlers.o)
    0x08004340   0x08004340   0x0000000e   Code   RO         3890    i.__scatterload_zeroinit  mc_w.l(handlers.o)
    0x0800434e   0x0800434e   0x00000020   Code   RO           20    i.main              main.o
    0x0800436e   0x0800436e   0x00000002   PAD
    0x08004370   0x08004370   0x00000010   Code   RO         3728    i.osThreadFlagsSet  device.o
    0x08004380   0x08004380   0x00000018   Data   RO         2927    .constdata          system_stm32f1xx.o
    0x08004398   0x08004398   0x00000020   Data   RO         3886    Region$$Table       anon$$obj.o


    Execution Region RW_IRAM1 (Exec base: 0x20000000, Load base: 0x080043b8, Size: 0x000011a8, Max: 0x00005000, ABSOLUTE, COMPRESSED[0x000000c8])

    Exec Addr    Load Addr    Size         Type   Attr      Idx    E Section Name        Object

    0x20000000   COMPRESSED   0x00000004   Data   RW           22    .data               main.o
    0x20000004   COMPRESSED   0x0000004e   Data   RW          484    .data               usbd_desc.o
    0x20000052   COMPRESSED   0x00000002   PAD
    0x20000054   COMPRESSED   0x00000034   Data   RW          568    .data               usbd_custom_hid_if.o
    0x20000088   COMPRESSED   0x00000009   Data   RW         1255    .data               stm32f1xx_hal.o
    0x20000091   COMPRESSED   0x00000003   PAD
    0x20000094   COMPRESSED   0x00000004   Data   RW         2928    .data               system_stm32f1xx.o
    0x20000098   COMPRESSED   0x00000001   Data   RW         3114    .data               usbd_ctlreq.o
    0x20000099   COMPRESSED   0x00000003   PAD
    0x2000009c   COMPRESSED   0x000000d2   Data   RW         3267    .data               usbd_customhid.o
    0x2000016e   COMPRESSED   0x00000001   Data   RW         3375    .data               dap.o
    0x2000016f   COMPRESSED   0x00000001   PAD
    0x20000170   COMPRESSED   0x00000004   Data   RW         3731    .data               device.o
    0x20000174   COMPRESSED   0x00000011   Data   RW         3813    .data               usbd_user_hid_0.o
    0x20000185   COMPRESSED   0x00000003   PAD
    0x20000188        -       0x00000098   Zero   RW           21    .bss                main.o
    0x20000220        -       0x000002c4   Zero   RW          228    .bss                usb_device.o
    0x200004e4        -       0x000002c4   Zero   RW          294    .bss                usbd_conf.o
    0x200007a8        -       0x00000200   Zero   RW          483    .bss                usbd_desc.o
    0x200009a8        -       0x00000400   Zero   RW         3812    .bss                usbd_user_hid_0.o
    0x20000da8        -       0x00000400   Zero   RW            1    STACK               startup_stm32f103xb.o


==============================================================================

Image component sizes


      Code (inc. data)   RO Data    RW Data    ZI Data      Debug   Object Name

         0          0          0          1          0       4765   dap.o
       164         32          0          4          0       3091   device.o
       550         32          0          4        152     422030   main.o
        36          8        236          0       1024        800   startup_stm32f103xb.o
       152         32          0          9          0       5241   stm32f1xx_hal.o
       304         22          0          0          0      29379   stm32f1xx_hal_cortex.o
       812         34          0          0          0       2660   stm32f1xx_hal_gpio.o
       352         34          0          0          0       2227   stm32f1xx_hal_msp.o
      2340          0          0          0          0       9761   stm32f1xx_hal_pcd.o
        60          0          0          0          0       1166   stm32f1xx_hal_pcd_ex.o
      1784        110          0          0          0       5968   stm32f1xx_hal_rcc.o
       304         14          0          0          0       1384   stm32f1xx_hal_rcc_ex.o
       136          0          0          0          0       1099   stm32f1xx_hal_spi.o
       530          4          0          0          0       1728   stm32f1xx_hal_uart.o
        48          6          0          0          0       4255   stm32f1xx_it.o
      3492          0          0          0          0      16715   stm32f1xx_ll_usb.o
        88         18         24          4          0       1147   system_stm32f1xx.o
        76         16          0          0        708        720   usb_device.o
       792         30          0          0        708      13441   usbd_conf.o
       850          0          0          0          0       9851   usbd_core.o
      2106         28          0          1          0      10604   usbd_ctlreq.o
        48          0          0         52          0       2648   usbd_custom_hid_if.o
       774         40          0        210          0      10855   usbd_customhid.o
       410        146          0         78        512       6297   usbd_desc.o
       174          0          0          0          0       4500   usbd_ioreq.o
       398         84          0         17       1024       3456   usbd_user_hid_0.o

    ----------------------------------------------------------------------
     16800        690        292        392       4128     575788   Object Totals
         0          0         32          0          0          0   (incl. Generated)
        20          0          0         12          0          0   (incl. Padding)

    ----------------------------------------------------------------------

      Code (inc. data)   RO Data    RW Data    ZI Data      Debug   Library Member Name

        86          0          0          0          0          0   __dczerorl2.o
         0          0          0          0          0          0   entry.o
         0          0          0          0          0          0   entry10a.o
         0          0          0          0          0          0   entry11a.o
         8          4          0          0          0          0   entry2.o
         4          0          0          0          0          0   entry5.o
         0          0          0          0          0          0   entry7b.o
         0          0          0          0          0          0   entry8b.o
         8          4          0          0          0          0   entry9a.o
        30          0          0          0          0          0   handlers.o
        36          8          0          0          0         68   init.o
        36          0          0          0          0         68   memcpya.o
        36          0          0          0          0        108   memseta.o

    ----------------------------------------------------------------------
       244         16          0          0          0        244   Library Totals
         0          0          0          0          0          0   (incl. Padding)

    ----------------------------------------------------------------------

      Code (inc. data)   RO Data    RW Data    ZI Data      Debug   Library Name

       244         16          0          0          0        244   mc_w.l

    ----------------------------------------------------------------------
       244         16          0          0          0        244   Library Totals

    ----------------------------------------------------------------------

==============================================================================


      Code (inc. data)   RO Data    RW Data    ZI Data      Debug   

     17044        706        292        392       4128     568048   Grand Totals
     17044        706        292        200       4128     568048   ELF Image Totals (compressed)
     17044        706        292        200          0          0   ROM Totals

==============================================================================

    Total RO  Size (Code + RO Data)                17336 (  16.93kB)
    Total RW  Size (RW Data + ZI Data)              4520 (   4.41kB)
    Total ROM Size (Code + RO Data + RW Data)      17536 (  17.13kB)

==============================================================================

